Archive member included to satisfy reference by file (symbol)

D:/devkitPro/libgba/lib\libgba.a(interrupt.o)
                              Main.o (irqInit)
D:/devkitPro/libgba/lib\libgba.a(input.o)
                              Player.o (scanKeys)
D:/devkitPro/libgba/lib\libgba.a(InterruptDispatcher.o)
                              D:/devkitPro/libgba/lib\libgba.a(interrupt.o) (IntrMain)
d:/devkitpro/devkitarm/bin/../lib/gcc/arm-none-eabi/11.1.0/../../../../arm-none-eabi/lib/thumb\libstdc++.a(del_ops.o)
                              Brawler.o (operator delete(void*, unsigned int))
d:/devkitpro/devkitarm/bin/../lib/gcc/arm-none-eabi/11.1.0/../../../../arm-none-eabi/lib/thumb\libstdc++.a(new_op.o)
                              Level.o (operator new(unsigned int))
d:/devkitpro/devkitarm/bin/../lib/gcc/arm-none-eabi/11.1.0/../../../../arm-none-eabi/lib/thumb\libstdc++.a(bad_alloc.o)
                              d:/devkitpro/devkitarm/bin/../lib/gcc/arm-none-eabi/11.1.0/../../../../arm-none-eabi/lib/thumb\libstdc++.a(new_op.o) (std::bad_alloc::~bad_alloc())
d:/devkitpro/devkitarm/bin/../lib/gcc/arm-none-eabi/11.1.0/../../../../arm-none-eabi/lib/thumb\libstdc++.a(del_op.o)
                              d:/devkitpro/devkitarm/bin/../lib/gcc/arm-none-eabi/11.1.0/../../../../arm-none-eabi/lib/thumb\libstdc++.a(del_ops.o) (operator delete(void*))
d:/devkitpro/devkitarm/bin/../lib/gcc/arm-none-eabi/11.1.0/../../../../arm-none-eabi/lib/thumb\libstdc++.a(eh_alloc.o)
                              d:/devkitpro/devkitarm/bin/../lib/gcc/arm-none-eabi/11.1.0/../../../../arm-none-eabi/lib/thumb\libstdc++.a(new_op.o) (__cxa_allocate_exception)
d:/devkitpro/devkitarm/bin/../lib/gcc/arm-none-eabi/11.1.0/../../../../arm-none-eabi/lib/thumb\libstdc++.a(eh_exception.o)
                              d:/devkitpro/devkitarm/bin/../lib/gcc/arm-none-eabi/11.1.0/../../../../arm-none-eabi/lib/thumb\libstdc++.a(bad_alloc.o) (std::exception::~exception())
d:/devkitpro/devkitarm/bin/../lib/gcc/arm-none-eabi/11.1.0/../../../../arm-none-eabi/lib/thumb\libstdc++.a(eh_terminate.o)
                              d:/devkitpro/devkitarm/bin/../lib/gcc/arm-none-eabi/11.1.0/../../../../arm-none-eabi/lib/thumb\libstdc++.a(eh_alloc.o) (std::terminate())
d:/devkitpro/devkitarm/bin/../lib/gcc/arm-none-eabi/11.1.0/../../../../arm-none-eabi/lib/thumb\libstdc++.a(eh_throw.o)
                              d:/devkitpro/devkitarm/bin/../lib/gcc/arm-none-eabi/11.1.0/../../../../arm-none-eabi/lib/thumb\libstdc++.a(new_op.o) (__cxa_throw)
d:/devkitpro/devkitarm/bin/../lib/gcc/arm-none-eabi/11.1.0/../../../../arm-none-eabi/lib/thumb\libstdc++.a(eh_unex_handler.o)
                              d:/devkitpro/devkitarm/bin/../lib/gcc/arm-none-eabi/11.1.0/../../../../arm-none-eabi/lib/thumb\libstdc++.a(eh_terminate.o) (__cxxabiv1::__unexpected_handler)
d:/devkitpro/devkitarm/bin/../lib/gcc/arm-none-eabi/11.1.0/../../../../arm-none-eabi/lib/thumb\libstdc++.a(new_handler.o)
                              d:/devkitpro/devkitarm/bin/../lib/gcc/arm-none-eabi/11.1.0/../../../../arm-none-eabi/lib/thumb\libstdc++.a(new_op.o) (std::get_new_handler())
d:/devkitpro/devkitarm/bin/../lib/gcc/arm-none-eabi/11.1.0/../../../../arm-none-eabi/lib/thumb\libstdc++.a(si_class_type_info.o)
                              d:/devkitpro/devkitarm/bin/../lib/gcc/arm-none-eabi/11.1.0/../../../../arm-none-eabi/lib/thumb\libstdc++.a(bad_alloc.o) (vtable for __cxxabiv1::__si_class_type_info)
d:/devkitpro/devkitarm/bin/../lib/gcc/arm-none-eabi/11.1.0/../../../../arm-none-eabi/lib/thumb\libstdc++.a(tinfo.o)
                              d:/devkitpro/devkitarm/bin/../lib/gcc/arm-none-eabi/11.1.0/../../../../arm-none-eabi/lib/thumb\libstdc++.a(si_class_type_info.o) (std::type_info::__is_pointer_p() const)
d:/devkitpro/devkitarm/bin/../lib/gcc/arm-none-eabi/11.1.0/../../../../arm-none-eabi/lib/thumb\libstdc++.a(class_type_info.o)
                              d:/devkitpro/devkitarm/bin/../lib/gcc/arm-none-eabi/11.1.0/../../../../arm-none-eabi/lib/thumb\libstdc++.a(si_class_type_info.o) (__cxxabiv1::__class_type_info::__do_upcast(__cxxabiv1::__class_type_info const*, void**) const)
d:/devkitpro/devkitarm/bin/../lib/gcc/arm-none-eabi/11.1.0/../../../../arm-none-eabi/lib/thumb\libstdc++.a(eh_catch.o)
                              d:/devkitpro/devkitarm/bin/../lib/gcc/arm-none-eabi/11.1.0/../../../../arm-none-eabi/lib/thumb\libstdc++.a(eh_terminate.o) (__cxa_begin_catch)
d:/devkitpro/devkitarm/bin/../lib/gcc/arm-none-eabi/11.1.0/../../../../arm-none-eabi/lib/thumb\libstdc++.a(eh_globals.o)
                              d:/devkitpro/devkitarm/bin/../lib/gcc/arm-none-eabi/11.1.0/../../../../arm-none-eabi/lib/thumb\libstdc++.a(eh_catch.o) (__cxa_get_globals_fast)
d:/devkitpro/devkitarm/bin/../lib/gcc/arm-none-eabi/11.1.0/../../../../arm-none-eabi/lib/thumb\libstdc++.a(eh_personality.o)
[...]
Memory Configuration

Name             Origin             Length             Attributes
rom              0x0000000008000000 0x0000000002000000
iwram            0x0000000003000000 0x0000000000008000
ewram            0x0000000002000000 0x0000000000040000
*default*        0x0000000000000000 0xffffffffffffffff

Linker script and memory map

                0x0000000008000000                __text_start = ORIGIN (rom)
                0x0000000002040000                __eheap_end = (ORIGIN (ewram) + LENGTH (ewram))
                0x0000000003000000                __iwram_start = ORIGIN (iwram)
                0x0000000003008000                __iwram_top = (ORIGIN (iwram) + LENGTH (iwram))
                0x0000000003007fa0                __sp_irq = (__iwram_top - 0x60)
                0x0000000003007f00                __sp_usr = (__sp_irq - 0xa0)
                0x0000000003007ff8                __irq_flags = 0x3007ff8
                0x0000000008000000                . = __text_start

.crt0           0x0000000008000000      0x210
 *(.crt0)
 .crt0          0x0000000008000000      0x210 d:/devkitpro/devkitarm/bin/../lib/gcc/arm-none-eabi/11.1.0/../../../../arm-none-eabi/lib/thumb/gba_crt0.o
                0x0000000008000000                _start
                0x00000000080000c4                __boot_method
                0x00000000080000c5                __slave_number
                0x00000000080000e0                start_vector
                0x0000000008000210                . = ALIGN (0x4)

.init           0x0000000008000210        0xc
 *(SORT_NONE(.init))
 .init          0x0000000008000210        0x4 d:/devkitpro/devkitarm/bin/../lib/gcc/arm-none-eabi/11.1.0/thumb/crti.o
                0x0000000008000210                _init
 .init          0x0000000008000214        0x8 d:/devkitpro/devkitarm/bin/../lib/gcc/arm-none-eabi/11.1.0/thumb/crtn.o

.plt            0x000000000800021c        0x0
 *(.plt)
                0x000000000800021c                . = ALIGN (0x4)

.text           0x0000000008000220     0x41a0
 *(EXCLUDE_FILE(*.iwram*) .text*)
 .text.__do_global_dtors_aux
                0x0000000008000220       0x2c d:/devkitpro/devkitarm/bin/../lib/gcc/arm-none-eabi/11.1.0/thumb/crtbegin.o
 .text.frame_dummy
                0x000000000800024c       0x24 d:/devkitpro/devkitarm/bin/../lib/gcc/arm-none-eabi/11.1.0/thumb/crtbegin.o
 .text          0x0000000008000270      0x14c Brawler.o
                0x0000000008000270                Brawler::update()
                0x000000000800033c                Brawler::Brawler(unsigned short, unsigned short, Level*, OBJATTR*, unsigned char)
                0x000000000800033c                Brawler::Brawler(unsigned short, unsigned short, Level*, OBJATTR*, unsigned char)
 .text._ZN7BrawlerD2Ev
                0x00000000080003bc        0x4 Brawler.o
                0x00000000080003bc                Brawler::~Brawler()
                0x00000000080003bc                Brawler::~Brawler()
 .text._ZN7BrawlerD0Ev
                0x00000000080003c0       0x14 Brawler.o
                0x00000000080003c0                Brawler::~Brawler()
 .text          0x00000000080003d4      0x1a0 Entity.o
                0x00000000080003d4                Entity::update()
                0x0000000008000434                Entity::move(short, short)
 .text          0x0000000008000574      0x2f0 Level.o
                0x0000000008000574                Level::update()
                0x0000000008000634                Level::Level(LevelData_t*)
                0x0000000008000634                Level::Level(LevelData_t*)
 .text.startup  0x0000000008000864       0x28 Level.o
 .text          0x000000000800088c      0x38c LevelHandler.o
                0x000000000800088c                scrollLevelU(level_t const*, unsigned short, unsigned short)
                0x0000000008000988                scrollLevelD(level_t const*, unsigned short, unsigned short)
                0x0000000008000a50                scrollLevelL(level_t const*, unsigned short, unsigned short)
                0x0000000008000b60                scrollLevelR(level_t const*, unsigned short, unsigned short)
 .text          0x0000000008000c18       0x14 Main.o
                0x0000000008000c18                VBlank()
 .text.startup  0x0000000008000c2c      0x138 Main.o
                0x0000000008000c2c                main
 .text          0x0000000008000d64       0x98 Math.o
                0x0000000008000d64                getCos(unsigned short)
                0x0000000008000db0                getSin(unsigned short)
 .text          0x0000000008000dfc      0x174 Player.o
                0x0000000008000dfc                Player::update()
                0x0000000008000ef8                Player::Player(unsigned short, unsigned short, Level*, OBJATTR*, unsigned char)
                0x0000000008000ef8                Player::Player(unsigned short, unsigned short, Level*, OBJATTR*, unsigned char)
 .text._ZN6PlayerD2Ev
                0x0000000008000f70        0x4 Player.o
                0x0000000008000f70                Player::~Player()
                0x0000000008000f70                Player::~Player()
 .text._ZN6PlayerD0Ev
                0x0000000008000f74       0x14 Player.o
                0x0000000008000f74                Player::~Player()
 .text          0x0000000008000f88       0x48 Tile.o
                0x0000000008000f88                loadTileToMem(tile_t const*, unsigned short, unsigned char)
 .text          0x0000000008000fd0      0x3b8 D:/devkitPro/libgba/lib\libgba.a(interrupt.o)
                0x0000000008000fd0                dummy
                0x0000000008000fd4                InitInterrupt
                0x0000000008001030                irqInit
                0x000000000800108c                SetInterrupt
                0x0000000008001170                irqSet
                0x0000000008001254                EnableInterrupt
                0x00000000080012a0                irqEnable
                0x00000000080012f0                DisableInterrupt
                0x000000000800133c                irqDisable
 .text          0x0000000008001388       0xbc D:/devkitPro/libgba/lib\libgba.a(input.o)
                0x0000000008001388                setRepeat
                0x0000000008001394                scanKeys
                0x0000000008001408                keysDownRepeat
                0x0000000008001418                keysDown
                0x0000000008001428                keysUp
                0x0000000008001438                keysHeld
 .text._ZdlPvj  0x0000000008001444        0xc d:/devkitpro/devkitarm/bin/../lib/gcc/arm-none-eabi/11.1.0/../../../../arm-none-eabi/lib/thumb\libstdc++.a(del_ops.o)
                0x0000000008001444                operator delete(void*, unsigned int)
 .text._Znwj    0x0000000008001450       0x48 d:/devkitpro/devkitarm/bin/../lib/gcc/arm-none-eabi/11.1.0/../../../../arm-none-eabi/lib/thumb\libstdc++.a(new_op.o)
                0x0000000008001450                operator new(unsigned int)
 .text._ZNKSt9bad_alloc4whatEv
                0x0000000008001498        0x8 d:/devkitpro/devkitarm/bin/../lib/gcc/arm-none-eabi/11.1.0/../../../../arm-none-eabi/lib/thumb\libstdc++.a(bad_alloc.o)
                0x0000000008001498                std::bad_alloc::what() const
 .text._ZNSt9bad_allocD2Ev
                0x00000000080014a0       0x1c d:/devkitpro/devkitarm/bin/../lib/gcc/arm-none-eabi/11.1.0/../../../../arm-none-eabi/lib/thumb\libstdc++.a(bad_alloc.o)
                0x00000000080014a0                std::bad_alloc::~bad_alloc()
                0x00000000080014a0                std::bad_alloc::~bad_alloc()
 .text._ZNSt9bad_allocD0Ev
                0x00000000080014bc       0x24 d:/devkitpro/devkitarm/bin/../lib/gcc/arm-none-eabi/11.1.0/../../../../arm-none-eabi/lib/thumb\libstdc++.a(bad_alloc.o)
                0x00000000080014bc                std::bad_alloc::~bad_alloc()
 .text._ZdlPv   0x00000000080014e0        0xc d:/devkitpro/devkitarm/bin/../lib/gcc/arm-none-eabi/11.1.0/../../../../arm-none-eabi/lib/thumb\libstdc++.a(del_op.o)
                0x00000000080014e0                operator delete(void*)
 .text._ZN12_GLOBAL__N_14pool4freeEPv.constprop.0
                0x00000000080014ec       0x7c d:/devkitpro/devkitarm/bin/../lib/gcc/arm-none-eabi/11.1.0/../../../../arm-none-eabi/lib/thumb\libstdc++.a(eh_alloc.o)
 .text._ZN12_GLOBAL__N_14pool8allocateEj.constprop.0
                0x0000000008001568       0x54 d:/devkitpro/devkitarm/bin/../lib/gcc/arm-none-eabi/11.1.0/../../../../arm-none-eabi/lib/thumb\libstdc++.a(eh_alloc.o)
 .text.__cxa_allocate_exception
                0x00000000080015bc       0x30 d:/devkitpro/devkitarm/bin/../lib/gcc/arm-none-eabi/11.1.0/../../../../arm-none-eabi/lib/thumb\libstdc++.a(eh_alloc.o)
                0x00000000080015bc                __cxa_allocate_exception
 .text.__cxa_free_exception
                0x00000000080015ec       0x28 d:/devkitpro/devkitarm/bin/../lib/gcc/arm-none-eabi/11.1.0/../../../../arm-none-eabi/lib/thumb\libstdc++.a(eh_alloc.o)
                0x00000000080015ec                __cxa_free_exception
 .text.startup._GLOBAL__sub_I__ZN9__gnu_cxx9__freeresEv
                0x0000000008001614       0x30 d:/devkitpro/devkitarm/bin/../lib/gcc/arm-none-eabi/11.1.0/../../../../arm-none-eabi/lib/thumb\libstdc++.a(eh_alloc.o)
 .text._ZNSt9exceptionD2Ev
                0x0000000008001644        0x4 d:/devkitpro/devkitarm/bin/../lib/gcc/arm-none-eabi/11.1.0/../../../../arm-none-eabi/lib/thumb\libstdc++.a(eh_exception.o)
                0x0000000008001644                std::exception::~exception()
                0x0000000008001644                std::exception::~exception()
 .text._ZNSt13bad_exceptionD2Ev
                0x0000000008001648        0x4 d:/devkitpro/devkitarm/bin/../lib/gcc/arm-none-eabi/11.1.0/../../../../arm-none-eabi/lib/thumb\libstdc++.a(eh_exception.o)
                0x0000000008001648                std::bad_exception::~bad_exception()
                0x0000000008001648                std::bad_exception::~bad_exception()
 .text._ZNKSt13bad_exception4whatEv
                0x000000000800164c        0x8 d:/devkitpro/devkitarm/bin/../lib/gcc/arm-none-eabi/11.1.0/../../../../arm-none-eabi/lib/thumb\libstdc++.a(eh_exception.o)
                0x000000000800164c                std::bad_exception::what() const
                0x000000000800164c                transaction clone for std::bad_exception::what() const
 .text._ZNSt13bad_exceptionD0Ev
                0x0000000008001654       0x14 d:/devkitpro/devkitarm/bin/../lib/gcc/arm-none-eabi/11.1.0/../../../../arm-none-eabi/lib/thumb\libstdc++.a(eh_exception.o)
                0x0000000008001654                std::bad_exception::~bad_exception()
 .text._ZN10__cxxabiv111__terminateEPFvvE
                0x0000000008001668       0x14 d:/devkitpro/devkitarm/bin/../lib/gcc/arm-none-eabi/11.1.0/../../../../arm-none-eabi/lib/thumb\libstdc++.a(eh_terminate.o)
                0x0000000008001668                __cxxabiv1::__terminate(void (*)())
 .text._ZSt9terminatev
                0x000000000800167c       0x10 d:/devkitpro/devkitarm/bin/../lib/gcc/arm-none-eabi/11.1.0/../../../../arm-none-eabi/lib/thumb\libstdc++.a(eh_terminate.o)
                0x000000000800167c                std::terminate()
 .text._ZN10__cxxabiv112__unexpectedEPFvvE
                0x000000000800168c        0xc d:/devkitpro/devkitarm/bin/../lib/gcc/arm-none-eabi/11.1.0/../../../../arm-none-eabi/lib/thumb\libstdc++.a(eh_terminate.o)
                0x000000000800168c                __cxxabiv1::__unexpected(void (*)())
 .text._ZSt10unexpectedv
                0x0000000008001698       0x10 d:/devkitpro/devkitarm/bin/../lib/gcc/arm-none-eabi/11.1.0/../../../../arm-none-eabi/lib/thumb\libstdc++.a(eh_terminate.o)
                0x0000000008001698                std::unexpected()
 .text._ZSt13get_terminatev
                0x00000000080016a8        0xc d:/devkitpro/devkitarm/bin/../lib/gcc/arm-none-eabi/11.1.0/../../../../arm-none-eabi/lib/thumb\libstdc++.a(eh_terminate.o)
                0x00000000080016a8                std::get_terminate()
 .text._ZSt14get_unexpectedv
                0x00000000080016b4        0xc d:/devkitpro/devkitarm/bin/../lib/gcc/arm-none-eabi/11.1.0/../../../../arm-none-eabi/lib/thumb\libstdc++.a(eh_terminate.o)
                0x00000000080016b4                std::get_unexpected()
 .text._ZL23__gxx_exception_cleanup19_Unwind_Reason_CodeP21_Unwind_Control_Block
                0x00000000080016c0       0x3c d:/devkitpro/devkitarm/bin/../lib/gcc/arm-none-eabi/11.1.0/../../../../arm-none-eabi/lib/thumb\libstdc++.a(eh_throw.o)
 .text.__cxa_init_primary_exception
                0x00000000080016fc       0x50 d:/devkitpro/devkitarm/bin/../lib/gcc/arm-none-eabi/11.1.0/../../../../arm-none-eabi/lib/thumb\libstdc++.a(eh_throw.o)
                0x00000000080016fc                __cxa_init_primary_exception
 .text.__cxa_throw
                0x000000000800174c       0x34 d:/devkitpro/devkitarm/bin/../lib/gcc/arm-none-eabi/11.1.0/../../../../arm-none-eabi/lib/thumb\libstdc++.a(eh_throw.o)
                0x000000000800174c                __cxa_throw
 .text.__cxa_rethrow
                0x0000000008001780       0x70 d:/devkitpro/devkitarm/bin/../lib/gcc/arm-none-eabi/11.1.0/../../../../arm-none-eabi/lib/thumb\libstdc++.a(eh_throw.o)
                0x0000000008001780                __cxa_rethrow
 .text._ZSt15get_new_handlerv
                0x00000000080017f0        0xc d:/devkitpro/devkitarm/bin/../lib/gcc/arm-none-eabi/11.1.0/../../../../arm-none-eabi/lib/thumb\libstdc++.a(new_handler.o)
                0x00000000080017f0                std::get_new_handler()
 .text._ZN10__cxxabiv120__si_class_type_infoD2Ev
                0x00000000080017fc       0x1c d:/devkitpro/devkitarm/bin/../lib/gcc/arm-none-eabi/11.1.0/../../../../arm-none-eabi/lib/thumb\libstdc++.a(si_class_type_info.o)
                0x00000000080017fc                __cxxabiv1::__si_class_type_info::~__si_class_type_info()
                0x00000000080017fc                __cxxabiv1::__si_class_type_info::~__si_class_type_info()
 .text._ZN10__cxxabiv120__si_class_type_infoD0Ev
                0x0000000008001818       0x24 d:/devkitpro/devkitarm/bin/../lib/gcc/arm-none-eabi/11.1.0/../../../../arm-none-eabi/lib/thumb\libstdc++.a(si_class_type_info.o)
                0x0000000008001818                __cxxabiv1::__si_class_type_info::~__si_class_type_info()
 .text._ZNK10__cxxabiv120__si_class_type_info20__do_find_public_srcEiPKvPKNS_17__class_type_infoES2_
                0x000000000800183c       0x40 d:/devkitpro/devkitarm/bin/../lib/gcc/arm-none-eabi/11.1.0/../../../../arm-none-eabi/lib/thumb\libstdc++.a(si_class_type_info.o)
                0x000000000800183c                __cxxabiv1::__si_class_type_info::__do_find_public_src(int, void const*, __cxxabiv1::__class_type_info const*, void const*) const
 .text._ZNK10__cxxabiv120__si_class_type_info12__do_dyncastEiNS_17__class_type_info10__sub_kindEPKS1_PKvS4_S6_RNS1_16__dyncast_resultE
                0x000000000800187c       0xa4 d:/devkitpro/devkitarm/bin/../lib/gcc/arm-none-eabi/11.1.0/../../../../arm-none-eabi/lib/thumb\libstdc++.a(si_class_type_info.o)
                0x000000000800187c                __cxxabiv1::__si_class_type_info::__do_dyncast(int, __cxxabiv1::__class_type_info::__sub_kind, __cxxabiv1::__class_type_info const*, void const*, __cxxabiv1::__class_type_info const*, void const*, __cxxabiv1::__class_type_info::__dyncast_result&) const
 .text._ZNK10__cxxabiv120__si_class_type_info11__do_upcastEPKNS_17__class_type_infoEPKvRNS1_15__upcast_resultE
                0x0000000008001920       0x2c d:/devkitpro/devkitarm/bin/../lib/gcc/arm-none-eabi/11.1.0/../../../../arm-none-eabi/lib/thumb\libstdc++.a(si_class_type_info.o)
                0x0000000008001920                __cxxabiv1::__si_class_type_info::__do_upcast(__cxxabiv1::__class_type_info const*, void const*, __cxxabiv1::__class_type_info::__upcast_result&) const
 .text._ZNSt9type_infoD2Ev
                0x000000000800194c        0x4 d:/devkitpro/devkitarm/bin/../lib/gcc/arm-none-eabi/11.1.0/../../../../arm-none-eabi/lib/thumb\libstdc++.a(tinfo.o)
                0x000000000800194c                std::type_info::~type_info()
                0x000000000800194c                std::type_info::~type_info()
 .text._ZNKSt9type_info14__is_pointer_pEv
                0x0000000008001950        0x4 d:/devkitpro/devkitarm/bin/../lib/gcc/arm-none-eabi/11.1.0/../../../../arm-none-eabi/lib/thumb\libstdc++.a(tinfo.o)
                0x0000000008001950                std::type_info::__is_pointer_p() const
                0x0000000008001950                std::type_info::__is_function_p() const
 .text._ZNKSt9type_infoeqERKS_
                0x0000000008001954       0x30 d:/devkitpro/devkitarm/bin/../lib/gcc/arm-none-eabi/11.1.0/../../../../arm-none-eabi/lib/thumb\libstdc++.a(tinfo.o)
                0x0000000008001954                std::type_info::operator==(std::type_info const&) const
 .text._ZNK10__cxxabiv117__class_type_info11__do_upcastEPKS0_PPv
                0x0000000008001984       0x3c d:/devkitpro/devkitarm/bin/../lib/gcc/arm-none-eabi/11.1.0/../../../../arm-none-eabi/lib/thumb\libstdc++.a(class_type_info.o)
                0x0000000008001984                __cxxabiv1::__class_type_info::__do_upcast(__cxxabiv1::__class_type_info const*, void**) const
 .text._ZNK10__cxxabiv117__class_type_info20__do_find_public_srcEiPKvPKS0_S2_
                0x00000000080019c0       0x14 d:/devkitpro/devkitarm/bin/../lib/gcc/arm-none-eabi/11.1.0/../../../../arm-none-eabi/lib/thumb\libstdc++.a(class_type_info.o)
                0x00000000080019c0                __cxxabiv1::__class_type_info::__do_find_public_src(int, void const*, __cxxabiv1::__class_type_info const*, void const*) const
 .text._ZN10__cxxabiv117__class_type_infoD2Ev
                0x00000000080019d4       0x1c d:/devkitpro/devkitarm/bin/../lib/gcc/arm-none-eabi/11.1.0/../../../../arm-none-eabi/lib/thumb\libstdc++.a(class_type_info.o)
                0x00000000080019d4                __cxxabiv1::__class_type_info::~__class_type_info()
                0x00000000080019d4                __cxxabiv1::__class_type_info::~__class_type_info()
 .text._ZN10__cxxabiv117__class_type_infoD0Ev
                0x00000000080019f0       0x24 d:/devkitpro/devkitarm/bin/../lib/gcc/arm-none-eabi/11.1.0/../../../../arm-none-eabi/lib/thumb\libstdc++.a(class_type_info.o)
                0x00000000080019f0                __cxxabiv1::__class_type_info::~__class_type_info()
 .text._ZNK10__cxxabiv117__class_type_info12__do_dyncastEiNS0_10__sub_kindEPKS0_PKvS3_S5_RNS0_16__dyncast_resultE
                0x0000000008001a14       0x44 d:/devkitpro/devkitarm/bin/../lib/gcc/arm-none-eabi/11.1.0/../../../../arm-none-eabi/lib/thumb\libstdc++.a(class_type_info.o)
                0x0000000008001a14                __cxxabiv1::__class_type_info::__do_dyncast(int, __cxxabiv1::__class_type_info::__sub_kind, __cxxabiv1::__class_type_info const*, void const*, __cxxabiv1::__class_type_info const*, void const*, __cxxabiv1::__class_type_info::__dyncast_result&) const
 .text._ZNK10__cxxabiv117__class_type_info11__do_upcastEPKS0_PKvRNS0_15__upcast_resultE
                0x0000000008001a58       0x20 d:/devkitpro/devkitarm/bin/../lib/gcc/arm-none-eabi/11.1.0/../../../../arm-none-eabi/lib/thumb\libstdc++.a(class_type_info.o)
                0x0000000008001a58                __cxxabiv1::__class_type_info::__do_upcast(__cxxabiv1::__class_type_info const*, void const*, __cxxabiv1::__class_type_info::__upcast_result&) const
 .text._ZNK10__cxxabiv117__class_type_info10__do_catchEPKSt9type_infoPPvj
                0x0000000008001a78       0x2c d:/devkitpro/devkitarm/bin/../lib/gcc/arm-none-eabi/11.1.0/../../../../arm-none-eabi/lib/thumb\libstdc++.a(class_type_info.o)
                0x0000000008001a78                __cxxabiv1::__class_type_info::__do_catch(std::type_info const*, void**, unsigned int) const
 .text.__cxa_begin_catch
                0x0000000008001aa4       0x78 d:/devkitpro/devkitarm/bin/../lib/gcc/arm-none-eabi/11.1.0/../../../../arm-none-eabi/lib/thumb\libstdc++.a(eh_catch.o)
                0x0000000008001aa4                __cxa_begin_catch
 .text.__cxa_end_catch
                0x0000000008001b1c       0x94 d:/devkitpro/devkitarm/bin/../lib/gcc/arm-none-eabi/11.1.0/../../../../arm-none-eabi/lib/thumb\libstdc++.a(eh_catch.o)
                0x0000000008001b1c                __cxa_end_catch
 .text.__cxa_get_globals_fast
                0x0000000008001bb0        0x8 d:/devkitpro/devkitarm/bin/../lib/gcc/arm-none-eabi/11.1.0/../../../../arm-none-eabi/lib/thumb\libstdc++.a(eh_globals.o)
                0x0000000008001bb0                __cxa_get_globals_fast
 .text.__cxa_get_globals
                0x0000000008001bb8        0x8 d:/devkitpro/devkitarm/bin/../lib/gcc/arm-none-eabi/11.1.0/../../../../arm-none-eabi/lib/thumb\libstdc++.a(eh_globals.o)
                0x0000000008001bb8                __cxa_get_globals
 .text._ZL28read_encoded_value_with_basehjPKhPj
                0x0000000008001bc0      0x110 d:/devkitpro/devkitarm/bin/../lib/gcc/arm-none-eabi/11.1.0/../../../../arm-none-eabi/lib/thumb\libstdc++.a(eh_personality.o)
 .text._ZL21base_of_encoded_valuehP15_Unwind_Context
                0x0000000008001cd0       0x4c d:/devkitpro/devkitarm/bin/../lib/gcc/arm-none-eabi/11.1.0/../../../../arm-none-eabi/lib/thumb\libstdc++.a(eh_personality.o)
 .text._ZL17parse_lsda_headerP15_Unwind_ContextPKhP16lsda_header_info
                0x0000000008001d1c       0x94 d:/devkitpro/devkitarm/bin/../lib/gcc/arm-none-eabi/11.1.0/../../../../arm-none-eabi/lib/thumb\libstdc++.a(eh_personality.o)
 .text.__gxx_personality_v0
                0x0000000008001db0      0x4bc d:/devkitpro/devkitarm/bin/../lib/gcc/arm-none-eabi/11.1.0/../../../../arm-none-eabi/lib/thumb\libstdc++.a(eh_personality.o)
                0x0000000008001db0                __gxx_personality_v0
 .text.__cxa_end_cleanup
                0x000000000800226c        0xc d:/devkitpro/devkitarm/bin/../lib/gcc/arm-none-eabi/11.1.0/../../../../arm-none-eabi/lib/thumb\libstdc++.a(eh_arm.o)
                0x000000000800226c                __cxa_end_cleanup
 .text.__cxa_type_match
                0x0000000008002278       0xc8 d:/devkitpro/devkitarm/bin/../lib/gcc/arm-none-eabi/11.1.0/../../../../arm-none-eabi/lib/thumb\libstdc++.a(eh_arm.o)
                0x0000000008002278                __cxa_type_match
 .text.__cxa_begin_cleanup
                0x0000000008002340       0x64 d:/devkitpro/devkitarm/bin/../lib/gcc/arm-none-eabi/11.1.0/../../../../arm-none-eabi/lib/thumb\libstdc++.a(eh_arm.o)
                0x0000000008002340                __cxa_begin_cleanup
 .text.__gnu_end_cleanup
                0x00000000080023a4       0x74 d:/devkitpro/devkitarm/bin/../lib/gcc/arm-none-eabi/11.1.0/../../../../arm-none-eabi/lib/thumb\libstdc++.a(eh_arm.o)
                0x00000000080023a4                __gnu_end_cleanup
 .text._ZN10__cxxabiv1L24__is_gxx_exception_classEPc
                0x0000000008002418       0x3c d:/devkitpro/devkitarm/bin/../lib/gcc/arm-none-eabi/11.1.0/../../../../arm-none-eabi/lib/thumb\libstdc++.a(eh_call.o)
 .text.__cxa_call_terminate
                0x0000000008002454       0x20 d:/devkitpro/devkitarm/bin/../lib/gcc/arm-none-eabi/11.1.0/../../../../arm-none-eabi/lib/thumb\libstdc++.a(eh_call.o)
                0x0000000008002454                __cxa_call_terminate
 .text.unlikely.__cxa_call_unexpected
                0x0000000008002474      0x104 d:/devkitpro/devkitarm/bin/../lib/gcc/arm-none-eabi/11.1.0/../../../../arm-none-eabi/lib/thumb\libstdc++.a(eh_call.o)
                0x0000000008002474                __cxa_call_unexpected
 .text.selfrel_offset31
                0x0000000008002578       0x18 d:/devkitpro/devkitarm/bin/../lib/gcc/arm-none-eabi/11.1.0/thumb\libgcc.a(unwind-arm.o)
 .text.search_EIT_table
                0x0000000008002590       0x74 d:/devkitpro/devkitarm/bin/../lib/gcc/arm-none-eabi/11.1.0/thumb\libgcc.a(unwind-arm.o)
 .text.__gnu_unwind_get_pr_addr
                0x0000000008002604       0x2c d:/devkitpro/devkitarm/bin/../lib/gcc/arm-none-eabi/11.1.0/thumb\libgcc.a(unwind-arm.o)
 .text.get_eit_entry
                0x0000000008002630       0x98 d:/devkitpro/devkitarm/bin/../lib/gcc/arm-none-eabi/11.1.0/thumb\libgcc.a(unwind-arm.o)
 .text.restore_non_core_regs
                0x00000000080026c8       0x5c d:/devkitpro/devkitarm/bin/../lib/gcc/arm-none-eabi/11.1.0/thumb\libgcc.a(unwind-arm.o)
 .text._Unwind_decode_typeinfo_ptr.constprop.0
                0x0000000008002724        0xc d:/devkitpro/devkitarm/bin/../lib/gcc/arm-none-eabi/11.1.0/thumb\libgcc.a(unwind-arm.o)
 .text._Unwind_DebugHook
                0x0000000008002730        0x4 d:/devkitpro/devkitarm/bin/../lib/gcc/arm-none-eabi/11.1.0/thumb\libgcc.a(unwind-arm.o)
 .text.unwind_phase2
                0x0000000008002734       0x40 d:/devkitpro/devkitarm/bin/../lib/gcc/arm-none-eabi/11.1.0/thumb\libgcc.a(unwind-arm.o)
 .text.unwind_phase2_forced
                0x0000000008002774       0xd8 d:/devkitpro/devkitarm/bin/../lib/gcc/arm-none-eabi/11.1.0/thumb\libgcc.a(unwind-arm.o)
 .text.__gnu_Unwind_RaiseException
                0x000000000800284c       0x58 d:/devkitpro/devkitarm/bin/../lib/gcc/arm-none-eabi/11.1.0/thumb\libgcc.a(unwind-arm.o)
                0x000000000800284c                __gnu_Unwind_RaiseException
 .text.__gnu_Unwind_ForcedUnwind
                0x00000000080028a4       0x18 d:/devkitpro/devkitarm/bin/../lib/gcc/arm-none-eabi/11.1.0/thumb\libgcc.a(unwind-arm.o)
                0x00000000080028a4                __gnu_Unwind_ForcedUnwind
 .text.__gnu_Unwind_Resume
                0x00000000080028bc       0x4c d:/devkitpro/devkitarm/bin/../lib/gcc/arm-none-eabi/11.1.0/thumb\libgcc.a(unwind-arm.o)
                0x00000000080028bc                __gnu_Unwind_Resume
 .text.__gnu_Unwind_Resume_or_Rethrow
                0x0000000008002908       0x20 d:/devkitpro/devkitarm/bin/../lib/gcc/arm-none-eabi/11.1.0/thumb\libgcc.a(unwind-arm.o)
                0x0000000008002908                __gnu_Unwind_Resume_or_Rethrow
 .text._Unwind_Complete
                0x0000000008002928        0x4 d:/devkitpro/devkitarm/bin/../lib/gcc/arm-none-eabi/11.1.0/thumb\libgcc.a(unwind-arm.o)
                0x0000000008002928                _Unwind_Complete
 .text._Unwind_DeleteException
                0x000000000800292c       0x18 d:/devkitpro/devkitarm/bin/../lib/gcc/arm-none-eabi/11.1.0/thumb\libgcc.a(unwind-arm.o)
                0x000000000800292c                _Unwind_DeleteException
 .text._Unwind_VRS_Get
                0x0000000008002944       0x38 d:/devkitpro/devkitarm/bin/../lib/gcc/arm-none-eabi/11.1.0/thumb\libgcc.a(unwind-arm.o)
                0x0000000008002944                _Unwind_VRS_Get
 .text._Unwind_GetGR
                0x000000000800297c       0x1c d:/devkitpro/devkitarm/bin/../lib/gcc/arm-none-eabi/11.1.0/thumb\libgcc.a(unwind-arm.o)
 .text._Unwind_VRS_Set
                0x0000000008002998       0x38 d:/devkitpro/devkitarm/bin/../lib/gcc/arm-none-eabi/11.1.0/thumb\libgcc.a(unwind-arm.o)
                0x0000000008002998                _Unwind_VRS_Set
 .text._Unwind_SetGR
                0x00000000080029d0       0x1c d:/devkitpro/devkitarm/bin/../lib/gcc/arm-none-eabi/11.1.0/thumb\libgcc.a(unwind-arm.o)
 .text.__gnu_Unwind_Backtrace
                0x00000000080029ec       0x78 d:/devkitpro/devkitarm/bin/../lib/gcc/arm-none-eabi/11.1.0/thumb\libgcc.a(unwind-arm.o)
                0x00000000080029ec                __gnu_Unwind_Backtrace
 .text.__gnu_unwind_pr_common
                0x0000000008002a64      0x2d0 d:/devkitpro/devkitarm/bin/../lib/gcc/arm-none-eabi/11.1.0/thumb\libgcc.a(unwind-arm.o)
 .text.__aeabi_unwind_cpp_pr0
                0x0000000008002d34       0x10 d:/devkitpro/devkitarm/bin/../lib/gcc/arm-none-eabi/11.1.0/thumb\libgcc.a(unwind-arm.o)
                0x0000000008002d34                __aeabi_unwind_cpp_pr0
 .text.__aeabi_unwind_cpp_pr1
                0x0000000008002d44       0x10 d:/devkitpro/devkitarm/bin/../lib/gcc/arm-none-eabi/11.1.0/thumb\libgcc.a(unwind-arm.o)
                0x0000000008002d44                __aeabi_unwind_cpp_pr1
 .text.__aeabi_unwind_cpp_pr2
                0x0000000008002d54       0x10 d:/devkitpro/devkitarm/bin/../lib/gcc/arm-none-eabi/11.1.0/thumb\libgcc.a(unwind-arm.o)
                0x0000000008002d54                __aeabi_unwind_cpp_pr2
 .text._Unwind_VRS_Pop
                0x0000000008002d64      0x2c8 d:/devkitpro/devkitarm/bin/../lib/gcc/arm-none-eabi/11.1.0/thumb\libgcc.a(unwind-arm.o)
                0x0000000008002d64                _Unwind_VRS_Pop
 .text          0x000000000800302c      0x1d8 d:/devkitpro/devkitarm/bin/../lib/gcc/arm-none-eabi/11.1.0/thumb\libgcc.a(libunwind.o)
                0x000000000800302c                __restore_core_regs
                0x000000000800302c                restore_core_regs
                0x0000000008003048                __gnu_Unwind_Restore_VFP
                0x0000000008003050                __gnu_Unwind_Save_VFP
                0x0000000008003058                __gnu_Unwind_Restore_VFP_D
                0x0000000008003060                __gnu_Unwind_Save_VFP_D
                0x0000000008003068                __gnu_Unwind_Restore_VFP_D_16_to_31
                0x0000000008003070                __gnu_Unwind_Save_VFP_D_16_to_31
                0x0000000008003078                __gnu_Unwind_Restore_WMMXD
                0x00000000080030bc                __gnu_Unwind_Save_WMMXD
                0x0000000008003100                __gnu_Unwind_Restore_WMMXC
                0x0000000008003114                __gnu_Unwind_Save_WMMXC
                0x0000000008003128                ___Unwind_RaiseException
                0x0000000008003128                _Unwind_RaiseException
                0x0000000008003154                _Unwind_Resume
                0x0000000008003154                ___Unwind_Resume
                0x0000000008003180                _Unwind_Resume_or_Rethrow
                0x0000000008003180                ___Unwind_Resume_or_Rethrow
                0x00000000080031ac                _Unwind_ForcedUnwind
                0x00000000080031ac                ___Unwind_ForcedUnwind
                0x00000000080031d8                ___Unwind_Backtrace
                0x00000000080031d8                _Unwind_Backtrace
 .text.next_unwind_byte
                0x0000000008003204       0x34 d:/devkitpro/devkitarm/bin/../lib/gcc/arm-none-eabi/11.1.0/thumb\libgcc.a(pr-support.o)
 .text._Unwind_GetGR.constprop.0
                0x0000000008003238       0x1c d:/devkitpro/devkitarm/bin/../lib/gcc/arm-none-eabi/11.1.0/thumb\libgcc.a(pr-support.o)
 .text.unwind_UCB_from_context
                0x0000000008003254        0xc d:/devkitpro/devkitarm/bin/../lib/gcc/arm-none-eabi/11.1.0/thumb\libgcc.a(pr-support.o)
 .text.__gnu_unwind_execute
                0x0000000008003260      0x2fc d:/devkitpro/devkitarm/bin/../lib/gcc/arm-none-eabi/11.1.0/thumb\libgcc.a(pr-support.o)
                0x0000000008003260                __gnu_unwind_execute
 .text.__gnu_unwind_frame
                0x000000000800355c       0x2c d:/devkitpro/devkitarm/bin/../lib/gcc/arm-none-eabi/11.1.0/thumb\libgcc.a(pr-support.o)
                0x000000000800355c                __gnu_unwind_frame
 .text._Unwind_GetRegionStart
                0x0000000008003588       0x10 d:/devkitpro/devkitarm/bin/../lib/gcc/arm-none-eabi/11.1.0/thumb\libgcc.a(pr-support.o)
                0x0000000008003588                _Unwind_GetRegionStart
 .text._Unwind_GetLanguageSpecificData
                0x0000000008003598       0x18 d:/devkitpro/devkitarm/bin/../lib/gcc/arm-none-eabi/11.1.0/thumb\libgcc.a(pr-support.o)
                0x0000000008003598                _Unwind_GetLanguageSpecificData
 .text.unlikely._Unwind_GetDataRelBase
                0x00000000080035b0        0x6 d:/devkitpro/devkitarm/bin/../lib/gcc/arm-none-eabi/11.1.0/thumb\libgcc.a(pr-support.o)
                0x00000000080035b0                _Unwind_GetDataRelBase
 .text.unlikely._Unwind_GetTextRelBase
                0x00000000080035b6        0x6 d:/devkitpro/devkitarm/bin/../lib/gcc/arm-none-eabi/11.1.0/thumb\libgcc.a(pr-support.o)
                0x00000000080035b6                _Unwind_GetTextRelBase
 .text.abort    0x00000000080035bc       0x10 d:/devkitpro/devkitarm/bin/../lib/gcc/arm-none-eabi/11.1.0/../../../../arm-none-eabi/lib/thumb\libg.a(lib_a-abort.o)
                0x00000000080035bc                abort
 .text.__libc_init_array
                0x00000000080035cc       0x50 d:/devkitpro/devkitarm/bin/../lib/gcc/arm-none-eabi/11.1.0/../../../../arm-none-eabi/lib/thumb\libg.a(lib_a-init.o)
                0x00000000080035cc                __libc_init_array
 .text.malloc   0x000000000800361c       0x14 d:/devkitpro/devkitarm/bin/../lib/gcc/arm-none-eabi/11.1.0/../../../../arm-none-eabi/lib/thumb\libg.a(lib_a-malloc.o)
                0x000000000800361c                malloc
 .text.free     0x0000000008003630       0x14 d:/devkitpro/devkitarm/bin/../lib/gcc/arm-none-eabi/11.1.0/../../../../arm-none-eabi/lib/thumb\libg.a(lib_a-malloc.o)
                0x0000000008003630                free
 .text._malloc_r
                0x0000000008003644      0x58c d:/devkitpro/devkitarm/bin/../lib/gcc/arm-none-eabi/11.1.0/../../../../arm-none-eabi/lib/thumb\libg.a(lib_a-mallocr.o)
                0x0000000008003644                _malloc_r
 .text.memcpy   0x0000000008003bd0       0xa8 d:/devkitpro/devkitarm/bin/../lib/gcc/arm-none-eabi/11.1.0/../../../../arm-none-eabi/lib/thumb\libg.a(lib_a-memcpy-stub.o)
                0x0000000008003bd0                memcpy
 .text.memset   0x0000000008003c78       0xb0 d:/devkitpro/devkitarm/bin/../lib/gcc/arm-none-eabi/11.1.0/../../../../arm-none-eabi/lib/thumb\libg.a(lib_a-memset.o)
                0x0000000008003c78                memset
 .text.__malloc_lock
                0x0000000008003d28       0x14 d:/devkitpro/devkitarm/bin/../lib/gcc/arm-none-eabi/11.1.0/../../../../arm-none-eabi/lib/thumb\libg.a(lib_a-mlock.o)
                0x0000000008003d28                __malloc_lock
 .text.__malloc_unlock
                0x0000000008003d3c       0x14 d:/devkitpro/devkitarm/bin/../lib/gcc/arm-none-eabi/11.1.0/../../../../arm-none-eabi/lib/thumb\libg.a(lib_a-mlock.o)
                0x0000000008003d3c                __malloc_unlock
 .text._raise_r
                0x0000000008003d50       0x64 d:/devkitpro/devkitarm/bin/../lib/gcc/arm-none-eabi/11.1.0/../../../../arm-none-eabi/lib/thumb\libg.a(lib_a-signal.o)
                0x0000000008003d50                _raise_r
 .text.raise    0x0000000008003db4       0x14 d:/devkitpro/devkitarm/bin/../lib/gcc/arm-none-eabi/11.1.0/../../../../arm-none-eabi/lib/thumb\libg.a(lib_a-signal.o)
                0x0000000008003db4                raise
 .text          0x0000000008003dc8      0x224 d:/devkitpro/devkitarm/bin/../lib/gcc/arm-none-eabi/11.1.0/../../../../arm-none-eabi/lib/thumb\libg.a(lib_a-strcmp.o)
                0x0000000008003dc8                strcmp
 .text._malloc_trim_r
                0x0000000008003fec       0xa0 d:/devkitpro/devkitarm/bin/../lib/gcc/arm-none-eabi/11.1.0/../../../../arm-none-eabi/lib/thumb\libg.a(lib_a-freer.o)
                0x0000000008003fec                _malloc_trim_r
 .text._free_r  0x000000000800408c      0x1d8 d:/devkitpro/devkitarm/bin/../lib/gcc/arm-none-eabi/11.1.0/../../../../arm-none-eabi/lib/thumb\libg.a(lib_a-freer.o)
                0x000000000800408c                _free_r
 .text._getpid_r
                0x0000000008004264        0xc d:/devkitpro/devkitarm/bin/../lib/gcc/arm-none-eabi/11.1.0/../../../../arm-none-eabi/lib/thumb\libsysbase.a(getpid.o)
                0x0000000008004264                _getpid_r
 .text._kill_r  0x0000000008004270        0xc d:/devkitpro/devkitarm/bin/../lib/gcc/arm-none-eabi/11.1.0/../../../../arm-none-eabi/lib/thumb\libsysbase.a(kill.o)
                0x0000000008004270                _kill_r
 .text._sbrk_r  0x000000000800427c       0x54 d:/devkitpro/devkitarm/bin/../lib/gcc/arm-none-eabi/11.1.0/../../../../arm-none-eabi/lib/thumb\libsysbase.a(sbrk.o)
                0x000000000800427c                _sbrk_r
 .text._exit    0x00000000080042d0       0x18 d:/devkitpro/devkitarm/bin/../lib/gcc/arm-none-eabi/11.1.0/../../../../arm-none-eabi/lib/thumb\libsysbase.a(_exit.o)
                0x00000000080042d0                _exit
 .text.__libc_lock_acquire_recursive
                0x00000000080042e8       0x1c d:/devkitpro/devkitarm/bin/../lib/gcc/arm-none-eabi/11.1.0/../../../../arm-none-eabi/lib/thumb\libsysbase.a(syscall_support.o)
                0x00000000080042e8                __libc_lock_acquire_recursive
 .text.__libc_lock_release_recursive
                0x0000000008004304       0x1c d:/devkitpro/devkitarm/bin/../lib/gcc/arm-none-eabi/11.1.0/../../../../arm-none-eabi/lib/thumb\libsysbase.a(syscall_support.o)
                0x0000000008004304                __libc_lock_release_recursive
 .text.__getreent
                0x0000000008004320       0x28 d:/devkitpro/devkitarm/bin/../lib/gcc/arm-none-eabi/11.1.0/../../../../arm-none-eabi/lib/thumb\libsysbase.a(getreent.o)
                0x0000000008004320                __getreent
 .text.__getreent.__stub
                0x0000000008004348       0x78 linker stubs
 *(.gnu.linkonce.t.*)
 *(.text.*personality*)
 *(.gnu.warning)
 *(.glue_7t)
 .glue_7t       0x00000000080043c0        0x0 linker stubs
 *(.glue_7)
 .glue_7        0x00000000080043c0        0x0 linker stubs
 *(.vfp11_veneer)
 .vfp11_veneer  0x00000000080043c0        0x0 linker stubs
                0x00000000080043c0                . = ALIGN (0x4)
                0x00000000080043c0                __text_end = .

.v4_bx          0x00000000080043c0        0x0
 .v4_bx         0x00000000080043c0        0x0 linker stubs

.iplt           0x00000000080043c0        0x0
 .iplt          0x00000000080043c0        0x0 d:/devkitpro/devkitarm/bin/../lib/gcc/arm-none-eabi/11.1.0/../../../../arm-none-eabi/lib/thumb/gba_crt0.o

.fini           0x00000000080043c0        0xc
 *(.fini)
 .fini          0x00000000080043c0        0x4 d:/devkitpro/devkitarm/bin/../lib/gcc/arm-none-eabi/11.1.0/thumb/crti.o
                0x00000000080043c0                _fini
 .fini          0x00000000080043c4        0x8 d:/devkitpro/devkitarm/bin/../lib/gcc/arm-none-eabi/11.1.0/thumb/crtn.o
                0x00000000080043cc                . = ALIGN (0x4)

.rodata         0x00000000080043cc     0x2bc4
 *(.rodata)
 .rodata        0x00000000080043cc       0x14 Brawler.o
                0x00000000080043cc                vtable for Brawler
 .rodata        0x00000000080043e0      0x170 Main.o
 .rodata        0x0000000008004550       0xb6 Math.o
                0x0000000008004550                cos90
 *fill*         0x0000000008004606        0x2 ff
 .rodata        0x0000000008004608       0x14 Player.o
                0x0000000008004608                vtable for Player
 .rodata        0x000000000800461c     0x2778 level0.o
                0x000000000800461c                level0TileFlag
                0x0000000008004dd4                level0ScreenData1
                0x0000000008005d40                level0ScreenData0
                0x0000000008006cac                level0defaultTile
                0x0000000008006cae                level0height
                0x0000000008006cb0                level0width
                0x0000000008006cb4                level0TileData
 *all.rodata*(*)
 *(.roda)
 *(.rodata.*)
 .rodata._ZNKSt9bad_alloc4whatEv.str1.4
                0x0000000008006d94        0xf d:/devkitpro/devkitarm/bin/../lib/gcc/arm-none-eabi/11.1.0/../../../../arm-none-eabi/lib/thumb\libstdc++.a(bad_alloc.o)
 *fill*         0x0000000008006da3        0x1 ff
 .rodata._ZTISt9bad_alloc
                0x0000000008006da4        0xc d:/devkitpro/devkitarm/bin/../lib/gcc/arm-none-eabi/11.1.0/../../../../arm-none-eabi/lib/thumb\libstdc++.a(bad_alloc.o)
                0x0000000008006da4                typeinfo for std::bad_alloc
 .rodata._ZTSSt9bad_alloc
                0x0000000008006db0        0xd d:/devkitpro/devkitarm/bin/../lib/gcc/arm-none-eabi/11.1.0/../../../../arm-none-eabi/lib/thumb\libstdc++.a(bad_alloc.o)
                0x0000000008006db0                typeinfo name for std::bad_alloc
 *fill*         0x0000000008006dbd        0x3 ff
 .rodata._ZTVSt9bad_alloc
                0x0000000008006dc0       0x14 d:/devkitpro/devkitarm/bin/../lib/gcc/arm-none-eabi/11.1.0/../../../../arm-none-eabi/lib/thumb\libstdc++.a(bad_alloc.o)
                0x0000000008006dc0                vtable for std::bad_alloc
 .rodata._ZNKSt13bad_exception4whatEv.str1.4
                0x0000000008006dd4       0x13 d:/devkitpro/devkitarm/bin/../lib/gcc/arm-none-eabi/11.1.0/../../../../arm-none-eabi/lib/thumb\libstdc++.a(eh_exception.o)
 *fill*         0x0000000008006de7        0x1 ff
 .rodata._ZTIN10__cxxabiv115__forced_unwindE
                0x0000000008006de8        0x8 d:/devkitpro/devkitarm/bin/../lib/gcc/arm-none-eabi/11.1.0/../../../../arm-none-eabi/lib/thumb\libstdc++.a(eh_exception.o)
                0x0000000008006de8                typeinfo for __cxxabiv1::__forced_unwind
 .rodata._ZTIN10__cxxabiv119__foreign_exceptionE
                0x0000000008006df0        0x8 d:/devkitpro/devkitarm/bin/../lib/gcc/arm-none-eabi/11.1.0/../../../../arm-none-eabi/lib/thumb\libstdc++.a(eh_exception.o)
                0x0000000008006df0                typeinfo for __cxxabiv1::__foreign_exception
 .rodata._ZTISt13bad_exception
                0x0000000008006df8        0xc d:/devkitpro/devkitarm/bin/../lib/gcc/arm-none-eabi/11.1.0/../../../../arm-none-eabi/lib/thumb\libstdc++.a(eh_exception.o)
                0x0000000008006df8                typeinfo for std::bad_exception
 .rodata._ZTISt9exception
                0x0000000008006e04        0x8 d:/devkitpro/devkitarm/bin/../lib/gcc/arm-none-eabi/11.1.0/../../../../arm-none-eabi/lib/thumb\libstdc++.a(eh_exception.o)
                0x0000000008006e04                typeinfo for std::exception
 .rodata._ZTSN10__cxxabiv115__forced_unwindE
                0x0000000008006e0c       0x20 d:/devkitpro/devkitarm/bin/../lib/gcc/arm-none-eabi/11.1.0/../../../../arm-none-eabi/lib/thumb\libstdc++.a(eh_exception.o)
                0x0000000008006e0c                typeinfo name for __cxxabiv1::__forced_unwind
 .rodata._ZTSN10__cxxabiv119__foreign_exceptionE
                0x0000000008006e2c       0x24 d:/devkitpro/devkitarm/bin/../lib/gcc/arm-none-eabi/11.1.0/../../../../arm-none-eabi/lib/thumb\libstdc++.a(eh_exception.o)
                0x0000000008006e2c                typeinfo name for __cxxabiv1::__foreign_exception
 .rodata._ZTSSt13bad_exception
                0x0000000008006e50       0x12 d:/devkitpro/devkitarm/bin/../lib/gcc/arm-none-eabi/11.1.0/../../../../arm-none-eabi/lib/thumb\libstdc++.a(eh_exception.o)
                0x0000000008006e50                typeinfo name for std::bad_exception
 *fill*         0x0000000008006e62        0x2 ff
 .rodata._ZTSSt9exception
                0x0000000008006e64        0xd d:/devkitpro/devkitarm/bin/../lib/gcc/arm-none-eabi/11.1.0/../../../../arm-none-eabi/lib/thumb\libstdc++.a(eh_exception.o)
                0x0000000008006e64                typeinfo name for std::exception
 *fill*         0x0000000008006e71        0x3 ff
 .rodata._ZTVSt13bad_exception
                0x0000000008006e74       0x14 d:/devkitpro/devkitarm/bin/../lib/gcc/arm-none-eabi/11.1.0/../../../../arm-none-eabi/lib/thumb\libstdc++.a(eh_exception.o)
                0x0000000008006e74                vtable for std::bad_exception
 .rodata._ZTIN10__cxxabiv120__si_class_type_infoE
                0x0000000008006e88        0xc d:/devkitpro/devkitarm/bin/../lib/gcc/arm-none-eabi/11.1.0/../../../../arm-none-eabi/lib/thumb\libstdc++.a(si_class_type_info.o)
                0x0000000008006e88                typeinfo for __cxxabiv1::__si_class_type_info
 .rodata._ZTSN10__cxxabiv120__si_class_type_infoE
                0x0000000008006e94       0x25 d:/devkitpro/devkitarm/bin/../lib/gcc/arm-none-eabi/11.1.0/../../../../arm-none-eabi/lib/thumb\libstdc++.a(si_class_type_info.o)
                0x0000000008006e94                typeinfo name for __cxxabiv1::__si_class_type_info
 *fill*         0x0000000008006eb9        0x3 ff
 .rodata._ZTVN10__cxxabiv120__si_class_type_infoE
                0x0000000008006ebc       0x2c d:/devkitpro/devkitarm/bin/../lib/gcc/arm-none-eabi/11.1.0/../../../../arm-none-eabi/lib/thumb\libstdc++.a(si_class_type_info.o)
                0x0000000008006ebc                vtable for __cxxabiv1::__si_class_type_info
 .rodata._ZTISt9type_info
                0x0000000008006ee8        0x8 d:/devkitpro/devkitarm/bin/../lib/gcc/arm-none-eabi/11.1.0/../../../../arm-none-eabi/lib/thumb\libstdc++.a(tinfo.o)
                0x0000000008006ee8                typeinfo for std::type_info
 .rodata._ZTSSt9type_info
                0x0000000008006ef0        0xd d:/devkitpro/devkitarm/bin/../lib/gcc/arm-none-eabi/11.1.0/../../../../arm-none-eabi/lib/thumb\libstdc++.a(tinfo.o)
                0x0000000008006ef0                typeinfo name for std::type_info
 *fill*         0x0000000008006efd        0x3 ff
 .rodata._ZTIN10__cxxabiv117__class_type_infoE
                0x0000000008006f00        0xc d:/devkitpro/devkitarm/bin/../lib/gcc/arm-none-eabi/11.1.0/../../../../arm-none-eabi/lib/thumb\libstdc++.a(class_type_info.o)
                0x0000000008006f00                typeinfo for __cxxabiv1::__class_type_info
 .rodata._ZTSN10__cxxabiv117__class_type_infoE
                0x0000000008006f0c       0x22 d:/devkitpro/devkitarm/bin/../lib/gcc/arm-none-eabi/11.1.0/../../../../arm-none-eabi/lib/thumb\libstdc++.a(class_type_info.o)
                0x0000000008006f0c                typeinfo name for __cxxabiv1::__class_type_info
 *fill*         0x0000000008006f2e        0x2 ff
 .rodata._ZTVN10__cxxabiv117__class_type_infoE
                0x0000000008006f30       0x2c d:/devkitpro/devkitarm/bin/../lib/gcc/arm-none-eabi/11.1.0/../../../../arm-none-eabi/lib/thumb\libstdc++.a(class_type_info.o)
                0x0000000008006f30                vtable for __cxxabiv1::__class_type_info
 .rodata._ZL28read_encoded_value_with_basehjPKhPj
                0x0000000008006f5c       0x34 d:/devkitpro/devkitarm/bin/../lib/gcc/arm-none-eabi/11.1.0/../../../../arm-none-eabi/lib/thumb\libstdc++.a(eh_personality.o)
 *(.gnu.linkonce.r*)
                0x0000000008006f90                . = ALIGN (0x4)

.ARM.extab      0x0000000008006f90       0xc4
 *(.ARM.extab* .gnu.linkonce.armextab.*)
 .ARM.extab.text._ZN10__cxxabiv111__terminateEPFvvE
                0x0000000008006f90       0x18 d:/devkitpro/devkitarm/bin/../lib/gcc/arm-none-eabi/11.1.0/../../../../arm-none-eabi/lib/thumb\libstdc++.a(eh_terminate.o)
 .ARM.extab.text._ZNK10__cxxabiv120__si_class_type_info12__do_dyncastEiNS_17__class_type_info10__sub_kindEPKS1_PKvS4_S6_RNS1_16__dyncast_resultE
                0x0000000008006fa8        0xc d:/devkitpro/devkitarm/bin/../lib/gcc/arm-none-eabi/11.1.0/../../../../arm-none-eabi/lib/thumb\libstdc++.a(si_class_type_info.o)
 .ARM.extab.text.__cxa_begin_catch
                0x0000000008006fb4        0xc d:/devkitpro/devkitarm/bin/../lib/gcc/arm-none-eabi/11.1.0/../../../../arm-none-eabi/lib/thumb\libstdc++.a(eh_catch.o)
 .ARM.extab.text._ZL28read_encoded_value_with_basehjPKhPj
                0x0000000008006fc0        0xc d:/devkitpro/devkitarm/bin/../lib/gcc/arm-none-eabi/11.1.0/../../../../arm-none-eabi/lib/thumb\libstdc++.a(eh_personality.o)
 .ARM.extab.text.__gxx_personality_v0
                0x0000000008006fcc       0x24 d:/devkitpro/devkitarm/bin/../lib/gcc/arm-none-eabi/11.1.0/../../../../arm-none-eabi/lib/thumb\libstdc++.a(eh_personality.o)
 .ARM.extab.text.__cxa_type_match
                0x0000000008006ff0        0xc d:/devkitpro/devkitarm/bin/../lib/gcc/arm-none-eabi/11.1.0/../../../../arm-none-eabi/lib/thumb\libstdc++.a(eh_arm.o)
 .ARM.extab.text.unlikely.__cxa_call_unexpected
                0x0000000008006ffc       0x28 d:/devkitpro/devkitarm/bin/../lib/gcc/arm-none-eabi/11.1.0/../../../../arm-none-eabi/lib/thumb\libstdc++.a(eh_call.o)
 .ARM.extab.text.unwind_phase2_forced
                0x0000000008007024        0xc d:/devkitpro/devkitarm/bin/../lib/gcc/arm-none-eabi/11.1.0/thumb\libgcc.a(unwind-arm.o)
 .ARM.extab.text.__gnu_unwind_pr_common
                0x0000000008007030        0xc d:/devkitpro/devkitarm/bin/../lib/gcc/arm-none-eabi/11.1.0/thumb\libgcc.a(unwind-arm.o)
 .ARM.extab.text._Unwind_VRS_Pop
                0x000000000800703c        0xc d:/devkitpro/devkitarm/bin/../lib/gcc/arm-none-eabi/11.1.0/thumb\libgcc.a(unwind-arm.o)
 .ARM.extab.text.__gnu_unwind_execute
                0x0000000008007048        0xc d:/devkitpro/devkitarm/bin/../lib/gcc/arm-none-eabi/11.1.0/thumb\libgcc.a(pr-support.o)
                0x0000000008007054                __exidx_start = .

.ARM.exidx      0x0000000008007054      0x1b0
 *(.ARM.exidx* .gnu.linkonce.armexidx.*)
 .ARM.exidx.text._ZdlPvj
                0x0000000008007054        0x8 d:/devkitpro/devkitarm/bin/../lib/gcc/arm-none-eabi/11.1.0/../../../../arm-none-eabi/lib/thumb\libstdc++.a(del_ops.o)
 .ARM.exidx.text._Znwj
                0x000000000800705c        0x8 d:/devkitpro/devkitarm/bin/../lib/gcc/arm-none-eabi/11.1.0/../../../../arm-none-eabi/lib/thumb\libstdc++.a(new_op.o)
 .ARM.exidx.text._ZNKSt9bad_alloc4whatEv
                0x0000000008007064        0x8 d:/devkitpro/devkitarm/bin/../lib/gcc/arm-none-eabi/11.1.0/../../../../arm-none-eabi/lib/thumb\libstdc++.a(bad_alloc.o)
 .ARM.exidx.text._ZNSt9bad_allocD2Ev
                0x000000000800706c        0x0 d:/devkitpro/devkitarm/bin/../lib/gcc/arm-none-eabi/11.1.0/../../../../arm-none-eabi/lib/thumb\libstdc++.a(bad_alloc.o)
                                          0x8 (size before relaxing)
 .ARM.exidx.text._ZNSt9bad_allocD0Ev
                0x000000000800706c        0x0 d:/devkitpro/devkitarm/bin/../lib/gcc/arm-none-eabi/11.1.0/../../../../arm-none-eabi/lib/thumb\libstdc++.a(bad_alloc.o)
                                          0x8 (size before relaxing)
 .ARM.exidx.text._ZdlPv
                0x000000000800706c        0x0 d:/devkitpro/devkitarm/bin/../lib/gcc/arm-none-eabi/11.1.0/../../../../arm-none-eabi/lib/thumb\libstdc++.a(del_op.o)
                                          0x8 (size before relaxing)
 .ARM.exidx.text._ZN12_GLOBAL__N_14pool4freeEPv.constprop.0
                0x000000000800706c        0x0 d:/devkitpro/devkitarm/bin/../lib/gcc/arm-none-eabi/11.1.0/../../../../arm-none-eabi/lib/thumb\libstdc++.a(eh_alloc.o)
                                          0x8 (size before relaxing)
 .ARM.exidx.text._ZN12_GLOBAL__N_14pool8allocateEj.constprop.0
                0x000000000800706c        0x0 d:/devkitpro/devkitarm/bin/../lib/gcc/arm-none-eabi/11.1.0/../../../../arm-none-eabi/lib/thumb\libstdc++.a(eh_alloc.o)
                                          0x8 (size before relaxing)
 .ARM.exidx.text.__cxa_allocate_exception
                0x000000000800706c        0x0 d:/devkitpro/devkitarm/bin/../lib/gcc/arm-none-eabi/11.1.0/../../../../arm-none-eabi/lib/thumb\libstdc++.a(eh_alloc.o)
                                          0x8 (size before relaxing)
 .ARM.exidx.text.__cxa_free_exception
                0x000000000800706c        0x0 d:/devkitpro/devkitarm/bin/../lib/gcc/arm-none-eabi/11.1.0/../../../../arm-none-eabi/lib/thumb\libstdc++.a(eh_alloc.o)
                                          0x8 (size before relaxing)
 .ARM.exidx.text.startup._GLOBAL__sub_I__ZN9__gnu_cxx9__freeresEv
                0x000000000800706c        0x0 d:/devkitpro/devkitarm/bin/../lib/gcc/arm-none-eabi/11.1.0/../../../../arm-none-eabi/lib/thumb\libstdc++.a(eh_alloc.o)
                                          0x8 (size before relaxing)
 .ARM.exidx.text._ZNSt9exceptionD2Ev
                0x000000000800706c        0x0 d:/devkitpro/devkitarm/bin/../lib/gcc/arm-none-eabi/11.1.0/../../../../arm-none-eabi/lib/thumb\libstdc++.a(eh_exception.o)
                                          0x8 (size before relaxing)
 .ARM.exidx.text._ZNSt13bad_exceptionD2Ev
                0x000000000800706c        0x0 d:/devkitpro/devkitarm/bin/../lib/gcc/arm-none-eabi/11.1.0/../../../../arm-none-eabi/lib/thumb\libstdc++.a(eh_exception.o)
                                          0x8 (size before relaxing)
 .ARM.exidx.text._ZNKSt13bad_exception4whatEv
                0x000000000800706c        0x0 d:/devkitpro/devkitarm/bin/../lib/gcc/arm-none-eabi/11.1.0/../../../../arm-none-eabi/lib/thumb\libstdc++.a(eh_exception.o)
                                          0x8 (size before relaxing)
 .ARM.exidx.text._ZNSt13bad_exceptionD0Ev
                0x000000000800706c        0x0 d:/devkitpro/devkitarm/bin/../lib/gcc/arm-none-eabi/11.1.0/../../../../arm-none-eabi/lib/thumb\libstdc++.a(eh_exception.o)
                                          0x8 (size before relaxing)
 .ARM.exidx.text._ZN10__cxxabiv111__terminateEPFvvE
                0x000000000800706c        0x8 d:/devkitpro/devkitarm/bin/../lib/gcc/arm-none-eabi/11.1.0/../../../../arm-none-eabi/lib/thumb\libstdc++.a(eh_terminate.o)
 .ARM.exidx.text._ZSt9terminatev
                0x0000000008007074        0x8 d:/devkitpro/devkitarm/bin/../lib/gcc/arm-none-eabi/11.1.0/../../../../arm-none-eabi/lib/thumb\libstdc++.a(eh_terminate.o)
 .ARM.exidx.text._ZN10__cxxabiv112__unexpectedEPFvvE
                0x000000000800707c        0x8 d:/devkitpro/devkitarm/bin/../lib/gcc/arm-none-eabi/11.1.0/../../../../arm-none-eabi/lib/thumb\libstdc++.a(eh_terminate.o)
 .ARM.exidx.text._ZSt10unexpectedv
                0x0000000008007084        0x0 d:/devkitpro/devkitarm/bin/../lib/gcc/arm-none-eabi/11.1.0/../../../../arm-none-eabi/lib/thumb\libstdc++.a(eh_terminate.o)
                                          0x8 (size before relaxing)
 .ARM.exidx.text._ZSt13get_terminatev
                0x0000000008007084        0x8 d:/devkitpro/devkitarm/bin/../lib/gcc/arm-none-eabi/11.1.0/../../../../arm-none-eabi/lib/thumb\libstdc++.a(eh_terminate.o)
 .ARM.exidx.text._ZSt14get_unexpectedv
                0x000000000800708c        0x0 d:/devkitpro/devkitarm/bin/../lib/gcc/arm-none-eabi/11.1.0/../../../../arm-none-eabi/lib/thumb\libstdc++.a(eh_terminate.o)
                                          0x8 (size before relaxing)
 .ARM.exidx.text._ZL23__gxx_exception_cleanup19_Unwind_Reason_CodeP21_Unwind_Control_Block
                0x000000000800708c        0x8 d:/devkitpro/devkitarm/bin/../lib/gcc/arm-none-eabi/11.1.0/../../../../arm-none-eabi/lib/thumb\libstdc++.a(eh_throw.o)
 .ARM.exidx.text.__cxa_init_primary_exception
                0x0000000008007094        0x8 d:/devkitpro/devkitarm/bin/../lib/gcc/arm-none-eabi/11.1.0/../../../../arm-none-eabi/lib/thumb\libstdc++.a(eh_throw.o)
 .ARM.exidx.text.__cxa_throw
                0x000000000800709c        0x8 d:/devkitpro/devkitarm/bin/../lib/gcc/arm-none-eabi/11.1.0/../../../../arm-none-eabi/lib/thumb\libstdc++.a(eh_throw.o)
 .ARM.exidx.text.__cxa_rethrow
                0x00000000080070a4        0x8 d:/devkitpro/devkitarm/bin/../lib/gcc/arm-none-eabi/11.1.0/../../../../arm-none-eabi/lib/thumb\libstdc++.a(eh_throw.o)
 .ARM.exidx.text._ZSt15get_new_handlerv
                0x00000000080070ac        0x8 d:/devkitpro/devkitarm/bin/../lib/gcc/arm-none-eabi/11.1.0/../../../../arm-none-eabi/lib/thumb\libstdc++.a(new_handler.o)
 .ARM.exidx.text._ZN10__cxxabiv120__si_class_type_infoD2Ev
                0x00000000080070b4        0x0 d:/devkitpro/devkitarm/bin/../lib/gcc/arm-none-eabi/11.1.0/../../../../arm-none-eabi/lib/thumb\libstdc++.a(si_class_type_info.o)
                                          0x8 (size before relaxing)
 .ARM.exidx.text._ZN10__cxxabiv120__si_class_type_infoD0Ev
                0x00000000080070b4        0x0 d:/devkitpro/devkitarm/bin/../lib/gcc/arm-none-eabi/11.1.0/../../../../arm-none-eabi/lib/thumb\libstdc++.a(si_class_type_info.o)
                                          0x8 (size before relaxing)
 .ARM.exidx.text._ZNK10__cxxabiv120__si_class_type_info20__do_find_public_srcEiPKvPKNS_17__class_type_infoES2_
                0x00000000080070b4        0x8 d:/devkitpro/devkitarm/bin/../lib/gcc/arm-none-eabi/11.1.0/../../../../arm-none-eabi/lib/thumb\libstdc++.a(si_class_type_info.o)
 .ARM.exidx.text._ZNK10__cxxabiv120__si_class_type_info12__do_dyncastEiNS_17__class_type_info10__sub_kindEPKS1_PKvS4_S6_RNS1_16__dyncast_resultE
                0x00000000080070bc        0x8 d:/devkitpro/devkitarm/bin/../lib/gcc/arm-none-eabi/11.1.0/../../../../arm-none-eabi/lib/thumb\libstdc++.a(si_class_type_info.o)
 .ARM.exidx.text._ZNK10__cxxabiv120__si_class_type_info11__do_upcastEPKNS_17__class_type_infoEPKvRNS1_15__upcast_resultE
                0x00000000080070c4        0x8 d:/devkitpro/devkitarm/bin/../lib/gcc/arm-none-eabi/11.1.0/../../../../arm-none-eabi/lib/thumb\libstdc++.a(si_class_type_info.o)
 .ARM.exidx.text._ZNSt9type_infoD2Ev
                0x00000000080070cc        0x8 d:/devkitpro/devkitarm/bin/../lib/gcc/arm-none-eabi/11.1.0/../../../../arm-none-eabi/lib/thumb\libstdc++.a(tinfo.o)
 .ARM.exidx.text._ZNKSt9type_info14__is_pointer_pEv
                0x00000000080070d4        0x0 d:/devkitpro/devkitarm/bin/../lib/gcc/arm-none-eabi/11.1.0/../../../../arm-none-eabi/lib/thumb\libstdc++.a(tinfo.o)
                                          0x8 (size before relaxing)
 .ARM.exidx.text._ZNKSt9type_infoeqERKS_
                0x00000000080070d4        0x0 d:/devkitpro/devkitarm/bin/../lib/gcc/arm-none-eabi/11.1.0/../../../../arm-none-eabi/lib/thumb\libstdc++.a(tinfo.o)
                                          0x8 (size before relaxing)
 .ARM.exidx.text._ZNK10__cxxabiv117__class_type_info11__do_upcastEPKS0_PPv
                0x00000000080070d4        0x8 d:/devkitpro/devkitarm/bin/../lib/gcc/arm-none-eabi/11.1.0/../../../../arm-none-eabi/lib/thumb\libstdc++.a(class_type_info.o)
 .ARM.exidx.text._ZNK10__cxxabiv117__class_type_info20__do_find_public_srcEiPKvPKS0_S2_
                0x00000000080070dc        0x8 d:/devkitpro/devkitarm/bin/../lib/gcc/arm-none-eabi/11.1.0/../../../../arm-none-eabi/lib/thumb\libstdc++.a(class_type_info.o)
 .ARM.exidx.text._ZN10__cxxabiv117__class_type_infoD2Ev
                0x00000000080070e4        0x0 d:/devkitpro/devkitarm/bin/../lib/gcc/arm-none-eabi/11.1.0/../../../../arm-none-eabi/lib/thumb\libstdc++.a(class_type_info.o)
                                          0x8 (size before relaxing)
 .ARM.exidx.text._ZN10__cxxabiv117__class_type_infoD0Ev
                0x00000000080070e4        0x0 d:/devkitpro/devkitarm/bin/../lib/gcc/arm-none-eabi/11.1.0/../../../../arm-none-eabi/lib/thumb\libstdc++.a(class_type_info.o)
                                          0x8 (size before relaxing)
 .ARM.exidx.text._ZNK10__cxxabiv117__class_type_info12__do_dyncastEiNS0_10__sub_kindEPKS0_PKvS3_S5_RNS0_16__dyncast_resultE
                0x00000000080070e4        0x0 d:/devkitpro/devkitarm/bin/../lib/gcc/arm-none-eabi/11.1.0/../../../../arm-none-eabi/lib/thumb\libstdc++.a(class_type_info.o)
                                          0x8 (size before relaxing)
 .ARM.exidx.text._ZNK10__cxxabiv117__class_type_info11__do_upcastEPKS0_PKvRNS0_15__upcast_resultE
                0x00000000080070e4        0x0 d:/devkitpro/devkitarm/bin/../lib/gcc/arm-none-eabi/11.1.0/../../../../arm-none-eabi/lib/thumb\libstdc++.a(class_type_info.o)
                                          0x8 (size before relaxing)
 .ARM.exidx.text._ZNK10__cxxabiv117__class_type_info10__do_catchEPKSt9type_infoPPvj
                0x00000000080070e4        0x8 d:/devkitpro/devkitarm/bin/../lib/gcc/arm-none-eabi/11.1.0/../../../../arm-none-eabi/lib/thumb\libstdc++.a(class_type_info.o)
 .ARM.exidx.text.__cxa_begin_catch
                0x00000000080070ec        0x8 d:/devkitpro/devkitarm/bin/../lib/gcc/arm-none-eabi/11.1.0/../../../../arm-none-eabi/lib/thumb\libstdc++.a(eh_catch.o)
 .ARM.exidx.text.__cxa_end_catch
                0x00000000080070f4        0x8 d:/devkitpro/devkitarm/bin/../lib/gcc/arm-none-eabi/11.1.0/../../../../arm-none-eabi/lib/thumb\libstdc++.a(eh_catch.o)
 .ARM.exidx.text.__cxa_get_globals_fast
                0x00000000080070fc        0x8 d:/devkitpro/devkitarm/bin/../lib/gcc/arm-none-eabi/11.1.0/../../../../arm-none-eabi/lib/thumb\libstdc++.a(eh_globals.o)
 .ARM.exidx.text.__cxa_get_globals
                0x0000000008007104        0x0 d:/devkitpro/devkitarm/bin/../lib/gcc/arm-none-eabi/11.1.0/../../../../arm-none-eabi/lib/thumb\libstdc++.a(eh_globals.o)
                                          0x8 (size before relaxing)
 .ARM.exidx.text._ZL28read_encoded_value_with_basehjPKhPj
                0x0000000008007104        0x8 d:/devkitpro/devkitarm/bin/../lib/gcc/arm-none-eabi/11.1.0/../../../../arm-none-eabi/lib/thumb\libstdc++.a(eh_personality.o)
 .ARM.exidx.text._ZL21base_of_encoded_valuehP15_Unwind_Context
                0x000000000800710c        0x8 d:/devkitpro/devkitarm/bin/../lib/gcc/arm-none-eabi/11.1.0/../../../../arm-none-eabi/lib/thumb\libstdc++.a(eh_personality.o)
 .ARM.exidx.text._ZL17parse_lsda_headerP15_Unwind_ContextPKhP16lsda_header_info
                0x0000000008007114        0x8 d:/devkitpro/devkitarm/bin/../lib/gcc/arm-none-eabi/11.1.0/../../../../arm-none-eabi/lib/thumb\libstdc++.a(eh_personality.o)
 .ARM.exidx.text.__gxx_personality_v0
                0x000000000800711c       0x10 d:/devkitpro/devkitarm/bin/../lib/gcc/arm-none-eabi/11.1.0/../../../../arm-none-eabi/lib/thumb\libstdc++.a(eh_personality.o)
                                          0x8 (size before relaxing)
 .ARM.exidx.text.__cxa_type_match
                0x000000000800712c        0x8 d:/devkitpro/devkitarm/bin/../lib/gcc/arm-none-eabi/11.1.0/../../../../arm-none-eabi/lib/thumb\libstdc++.a(eh_arm.o)
 .ARM.exidx.text.__cxa_begin_cleanup
                0x0000000008007134        0x8 d:/devkitpro/devkitarm/bin/../lib/gcc/arm-none-eabi/11.1.0/../../../../arm-none-eabi/lib/thumb\libstdc++.a(eh_arm.o)
 .ARM.exidx.text.__gnu_end_cleanup
                0x000000000800713c        0x0 d:/devkitpro/devkitarm/bin/../lib/gcc/arm-none-eabi/11.1.0/../../../../arm-none-eabi/lib/thumb\libstdc++.a(eh_arm.o)
                                          0x8 (size before relaxing)
 .ARM.exidx.text._ZN10__cxxabiv1L24__is_gxx_exception_classEPc
                0x000000000800713c        0x0 d:/devkitpro/devkitarm/bin/../lib/gcc/arm-none-eabi/11.1.0/../../../../arm-none-eabi/lib/thumb\libstdc++.a(eh_call.o)
                                          0x8 (size before relaxing)
 .ARM.exidx.text.__cxa_call_terminate
                0x000000000800713c        0x0 d:/devkitpro/devkitarm/bin/../lib/gcc/arm-none-eabi/11.1.0/../../../../arm-none-eabi/lib/thumb\libstdc++.a(eh_call.o)
                                          0x8 (size before relaxing)
 .ARM.exidx.text.unlikely.__cxa_call_unexpected
                0x000000000800713c        0x8 d:/devkitpro/devkitarm/bin/../lib/gcc/arm-none-eabi/11.1.0/../../../../arm-none-eabi/lib/thumb\libstdc++.a(eh_call.o)
 .ARM.exidx.text.selfrel_offset31
                0x0000000008007144        0x8 d:/devkitpro/devkitarm/bin/../lib/gcc/arm-none-eabi/11.1.0/thumb\libgcc.a(unwind-arm.o)
 .ARM.exidx.text.search_EIT_table
                0x000000000800714c        0x0 d:/devkitpro/devkitarm/bin/../lib/gcc/arm-none-eabi/11.1.0/thumb\libgcc.a(unwind-arm.o)
                                          0x8 (size before relaxing)
 .ARM.exidx.text.__gnu_unwind_get_pr_addr
                0x000000000800714c        0x0 d:/devkitpro/devkitarm/bin/../lib/gcc/arm-none-eabi/11.1.0/thumb\libgcc.a(unwind-arm.o)
                                          0x8 (size before relaxing)
 .ARM.exidx.text.get_eit_entry
                0x000000000800714c        0x8 d:/devkitpro/devkitarm/bin/../lib/gcc/arm-none-eabi/11.1.0/thumb\libgcc.a(unwind-arm.o)
 .ARM.exidx.text.restore_non_core_regs
                0x0000000008007154        0x8 d:/devkitpro/devkitarm/bin/../lib/gcc/arm-none-eabi/11.1.0/thumb\libgcc.a(unwind-arm.o)
 .ARM.exidx.text._Unwind_decode_typeinfo_ptr.constprop.0
                0x000000000800715c        0x8 d:/devkitpro/devkitarm/bin/../lib/gcc/arm-none-eabi/11.1.0/thumb\libgcc.a(unwind-arm.o)
 .ARM.exidx.text._Unwind_DebugHook
                0x0000000008007164        0x0 d:/devkitpro/devkitarm/bin/../lib/gcc/arm-none-eabi/11.1.0/thumb\libgcc.a(unwind-arm.o)
                                          0x8 (size before relaxing)
 .ARM.exidx.text.unwind_phase2
                0x0000000008007164        0x8 d:/devkitpro/devkitarm/bin/../lib/gcc/arm-none-eabi/11.1.0/thumb\libgcc.a(unwind-arm.o)
 .ARM.exidx.text.unwind_phase2_forced
                0x000000000800716c        0x8 d:/devkitpro/devkitarm/bin/../lib/gcc/arm-none-eabi/11.1.0/thumb\libgcc.a(unwind-arm.o)
 .ARM.exidx.text.__gnu_Unwind_RaiseException
                0x0000000008007174        0x8 d:/devkitpro/devkitarm/bin/../lib/gcc/arm-none-eabi/11.1.0/thumb\libgcc.a(unwind-arm.o)
 .ARM.exidx.text.__gnu_Unwind_ForcedUnwind
                0x000000000800717c        0x8 d:/devkitpro/devkitarm/bin/../lib/gcc/arm-none-eabi/11.1.0/thumb\libgcc.a(unwind-arm.o)
 .ARM.exidx.text.__gnu_Unwind_Resume
                0x0000000008007184        0x8 d:/devkitpro/devkitarm/bin/../lib/gcc/arm-none-eabi/11.1.0/thumb\libgcc.a(unwind-arm.o)
 .ARM.exidx.text.__gnu_Unwind_Resume_or_Rethrow
                0x000000000800718c        0x8 d:/devkitpro/devkitarm/bin/../lib/gcc/arm-none-eabi/11.1.0/thumb\libgcc.a(unwind-arm.o)
 .ARM.exidx.text._Unwind_Complete
                0x0000000008007194        0x8 d:/devkitpro/devkitarm/bin/../lib/gcc/arm-none-eabi/11.1.0/thumb\libgcc.a(unwind-arm.o)
 .ARM.exidx.text._Unwind_DeleteException
                0x000000000800719c        0x8 d:/devkitpro/devkitarm/bin/../lib/gcc/arm-none-eabi/11.1.0/thumb\libgcc.a(unwind-arm.o)
 .ARM.exidx.text._Unwind_VRS_Get
                0x00000000080071a4        0x8 d:/devkitpro/devkitarm/bin/../lib/gcc/arm-none-eabi/11.1.0/thumb\libgcc.a(unwind-arm.o)
 .ARM.exidx.text._Unwind_GetGR
                0x00000000080071ac        0x0 d:/devkitpro/devkitarm/bin/../lib/gcc/arm-none-eabi/11.1.0/thumb\libgcc.a(unwind-arm.o)
                                          0x8 (size before relaxing)
 .ARM.exidx.text._Unwind_VRS_Set
                0x00000000080071ac        0x0 d:/devkitpro/devkitarm/bin/../lib/gcc/arm-none-eabi/11.1.0/thumb\libgcc.a(unwind-arm.o)
                                          0x8 (size before relaxing)
 .ARM.exidx.text._Unwind_SetGR
                0x00000000080071ac        0x0 d:/devkitpro/devkitarm/bin/../lib/gcc/arm-none-eabi/11.1.0/thumb\libgcc.a(unwind-arm.o)
                                          0x8 (size before relaxing)
 .ARM.exidx.text.__gnu_Unwind_Backtrace
                0x00000000080071ac        0x8 d:/devkitpro/devkitarm/bin/../lib/gcc/arm-none-eabi/11.1.0/thumb\libgcc.a(unwind-arm.o)
 .ARM.exidx.text.__gnu_unwind_pr_common
                0x00000000080071b4        0x8 d:/devkitpro/devkitarm/bin/../lib/gcc/arm-none-eabi/11.1.0/thumb\libgcc.a(unwind-arm.o)
 .ARM.exidx.text.__aeabi_unwind_cpp_pr0
                0x00000000080071bc        0x8 d:/devkitpro/devkitarm/bin/../lib/gcc/arm-none-eabi/11.1.0/thumb\libgcc.a(unwind-arm.o)
 .ARM.exidx.text.__aeabi_unwind_cpp_pr1
                0x00000000080071c4        0x0 d:/devkitpro/devkitarm/bin/../lib/gcc/arm-none-eabi/11.1.0/thumb\libgcc.a(unwind-arm.o)
                                          0x8 (size before relaxing)
 .ARM.exidx.text.__aeabi_unwind_cpp_pr2
                0x00000000080071c4        0x0 d:/devkitpro/devkitarm/bin/../lib/gcc/arm-none-eabi/11.1.0/thumb\libgcc.a(unwind-arm.o)
                                          0x8 (size before relaxing)
 .ARM.exidx.text._Unwind_VRS_Pop
                0x00000000080071c4       0x10 d:/devkitpro/devkitarm/bin/../lib/gcc/arm-none-eabi/11.1.0/thumb\libgcc.a(unwind-arm.o)
                                          0x8 (size before relaxing)
 .ARM.exidx.text.next_unwind_byte
                0x00000000080071d4        0x0 d:/devkitpro/devkitarm/bin/../lib/gcc/arm-none-eabi/11.1.0/thumb\libgcc.a(pr-support.o)
                                          0x8 (size before relaxing)
 .ARM.exidx.text._Unwind_GetGR.constprop.0
                0x00000000080071d4        0x8 d:/devkitpro/devkitarm/bin/../lib/gcc/arm-none-eabi/11.1.0/thumb\libgcc.a(pr-support.o)
 .ARM.exidx.text.unwind_UCB_from_context
                0x00000000080071dc        0x8 d:/devkitpro/devkitarm/bin/../lib/gcc/arm-none-eabi/11.1.0/thumb\libgcc.a(pr-support.o)
 .ARM.exidx.text.__gnu_unwind_execute
                0x00000000080071e4        0x8 d:/devkitpro/devkitarm/bin/../lib/gcc/arm-none-eabi/11.1.0/thumb\libgcc.a(pr-support.o)
 .ARM.exidx.text.__gnu_unwind_frame
                0x00000000080071ec        0x8 d:/devkitpro/devkitarm/bin/../lib/gcc/arm-none-eabi/11.1.0/thumb\libgcc.a(pr-support.o)
 .ARM.exidx.text._Unwind_GetRegionStart
                0x00000000080071f4        0x8 d:/devkitpro/devkitarm/bin/../lib/gcc/arm-none-eabi/11.1.0/thumb\libgcc.a(pr-support.o)
 .ARM.exidx.text._Unwind_GetLanguageSpecificData
                0x00000000080071fc        0x0 d:/devkitpro/devkitarm/bin/../lib/gcc/arm-none-eabi/11.1.0/thumb\libgcc.a(pr-support.o)
                                          0x8 (size before relaxing)
 .ARM.exidx.text.unlikely._Unwind_GetDataRelBase
                0x00000000080071fc        0x8 d:/devkitpro/devkitarm/bin/../lib/gcc/arm-none-eabi/11.1.0/thumb\libgcc.a(pr-support.o)
 .ARM.exidx.text.unlikely._Unwind_GetTextRelBase
                0x0000000008007204        0x0 d:/devkitpro/devkitarm/bin/../lib/gcc/arm-none-eabi/11.1.0/thumb\libgcc.a(pr-support.o)
                                          0x8 (size before relaxing)
                0x0000000008007204                __exidx_end = .

.ctors          0x0000000008007204        0x0
 *crtbegin.o(.ctors)
 *(EXCLUDE_FILE(*crtend.o) .ctors)
 *(SORT_BY_NAME(.ctors.*))
 *(.ctors)
                0x0000000008007204                . = ALIGN (0x4)

.dtors          0x0000000008007204        0x0
 *crtbegin.o(.dtors)
 *(EXCLUDE_FILE(*crtend.o) .dtors)
 *(SORT_BY_NAME(.dtors.*))
 *(.dtors)
                0x0000000008007204                . = ALIGN (0x4)

.eh_frame       0x0000000008007204        0x4
 *(.eh_frame)
 .eh_frame      0x0000000008007204        0x0 d:/devkitpro/devkitarm/bin/../lib/gcc/arm-none-eabi/11.1.0/thumb/crtbegin.o
 .eh_frame      0x0000000008007204        0x4 d:/devkitpro/devkitarm/bin/../lib/gcc/arm-none-eabi/11.1.0/thumb/crtend.o
                0x0000000008007208                . = ALIGN (0x4)

.gcc_except_table
                0x0000000008007208        0x0
 *(.gcc_except_table)
                0x0000000008007208                . = ALIGN (0x4)
                0x0000000008007208                __iwram_lma = .

.iwram          0x0000000003000000       0xb8 load address 0x0000000008007208
                0x0000000003000000                __iwram_start__ = ABSOLUTE (.)
 *(.iwram .iwram*)
 .iwram         0x0000000003000000       0xb8 D:/devkitPro/libgba/lib\libgba.a(InterruptDispatcher.o)
                0x0000000003000000                IntrMain
 *iwram.*(.text* .data*)
                0x00000000030000b8                . = ALIGN (0x4)
                0x00000000030000b8                __iwram_end__ = ABSOLUTE (.)
                0x00000000080072c0                __data_lma = (__iwram_lma + SIZEOF (.iwram))

.rel.dyn        0x00000000030000b8        0x0 load address 0x00000000080072c0
 .rel.iplt      0x00000000030000b8        0x0 d:/devkitpro/devkitarm/bin/../lib/gcc/arm-none-eabi/11.1.0/../../../../arm-none-eabi/lib/thumb/gba_crt0.o

.bss            0x00000000030000b8      0x14c
                0x00000000030000b8                __bss_start = ABSOLUTE (.)
                0x00000000030000b8                __bss_start__ = ABSOLUTE (.)
 *(.dynbss)
 *(.gnu.linkonce.b*)
 *(.bss*)
 .bss.completed.1
                0x00000000030000b8        0x1 d:/devkitpro/devkitarm/bin/../lib/gcc/arm-none-eabi/11.1.0/thumb/crtbegin.o
 *fill*         0x00000000030000b9        0x3 
 .bss.object.0  0x00000000030000bc       0x18 d:/devkitpro/devkitarm/bin/../lib/gcc/arm-none-eabi/11.1.0/thumb/crtbegin.o
 .bss           0x00000000030000d4        0x4 Main.o
                0x00000000030000d4                currLevel
 .bss           0x00000000030000d8        0xa D:/devkitPro/libgba/lib\libgba.a(input.o)
 *fill*         0x00000000030000e2        0x2 
 .bss._ZN12_GLOBAL__N_114emergency_poolE
                0x00000000030000e4       0x10 d:/devkitpro/devkitarm/bin/../lib/gcc/arm-none-eabi/11.1.0/../../../../arm-none-eabi/lib/thumb\libstdc++.a(eh_alloc.o)
 .bss._ZN12_GLOBAL__N_113__new_handlerE
                0x00000000030000f4        0x4 d:/devkitpro/devkitarm/bin/../lib/gcc/arm-none-eabi/11.1.0/../../../../arm-none-eabi/lib/thumb\libstdc++.a(new_handler.o)
 .bss._ZL10eh_globals
                0x00000000030000f8        0xc d:/devkitpro/devkitarm/bin/../lib/gcc/arm-none-eabi/11.1.0/../../../../arm-none-eabi/lib/thumb\libstdc++.a(eh_globals.o)
 .bss.__malloc_current_mallinfo
                0x0000000003000104       0x28 d:/devkitpro/devkitarm/bin/../lib/gcc/arm-none-eabi/11.1.0/../../../../arm-none-eabi/lib/thumb\libg.a(lib_a-mallocr.o)
                0x0000000003000104                __malloc_current_mallinfo
 .bss.__malloc_max_sbrked_mem
                0x000000000300012c        0x4 d:/devkitpro/devkitarm/bin/../lib/gcc/arm-none-eabi/11.1.0/../../../../arm-none-eabi/lib/thumb\libg.a(lib_a-mallocr.o)
                0x000000000300012c                __malloc_max_sbrked_mem
 .bss.__malloc_max_total_mem
                0x0000000003000130        0x4 d:/devkitpro/devkitarm/bin/../lib/gcc/arm-none-eabi/11.1.0/../../../../arm-none-eabi/lib/thumb\libg.a(lib_a-mallocr.o)
                0x0000000003000130                __malloc_max_total_mem
 .bss.__malloc_top_pad
                0x0000000003000134        0x4 d:/devkitpro/devkitarm/bin/../lib/gcc/arm-none-eabi/11.1.0/../../../../arm-none-eabi/lib/thumb\libg.a(lib_a-mallocr.o)
                0x0000000003000134                __malloc_top_pad
 .bss.heap_start.0
                0x0000000003000138        0x4 d:/devkitpro/devkitarm/bin/../lib/gcc/arm-none-eabi/11.1.0/../../../../arm-none-eabi/lib/thumb\libsysbase.a(sbrk.o)
 .bss.fake_heap_end
                0x000000000300013c        0x4 d:/devkitpro/devkitarm/bin/../lib/gcc/arm-none-eabi/11.1.0/../../../../arm-none-eabi/lib/thumb\libsysbase.a(malloc_vars.o)
                0x000000000300013c                fake_heap_end
 .bss.fake_heap_start
                0x0000000003000140        0x4 d:/devkitpro/devkitarm/bin/../lib/gcc/arm-none-eabi/11.1.0/../../../../arm-none-eabi/lib/thumb\libsysbase.a(malloc_vars.o)
                0x0000000003000140                fake_heap_start
 .bss.__syscalls
                0x0000000003000144       0x48 d:/devkitpro/devkitarm/bin/../lib/gcc/arm-none-eabi/11.1.0/../../../../arm-none-eabi/lib/thumb\libsysbase.a(syscall_support.o)
                0x0000000003000144                __syscalls
 *(COMMON)
 COMMON         0x000000000300018c       0x78 D:/devkitPro/libgba/lib\libgba.a(interrupt.o)
                0x000000000300018c                IntrTable
                0x0000000003000204                . = ALIGN (0x4)
                0x0000000003000204                __bss_end__ = ABSOLUTE (.)

.data           0x0000000003000204      0x8b4 load address 0x00000000080072c0
                0x0000000003000204                __data_start__ = ABSOLUTE (.)
 *(.data*)
 .data          0x0000000003000204       0x10 Level.o
 .data          0x0000000003000214       0x10 Main.o
 .data          0x0000000003000224        0x8 level0.o
                0x0000000003000224                level0ScreenData
 .data          0x000000000300022c        0x3 D:/devkitPro/libgba/lib\libgba.a(input.o)
 *fill*         0x000000000300022f        0x1 ff
 .data._ZN10__cxxabiv120__unexpected_handlerE
                0x0000000003000230        0x4 d:/devkitpro/devkitarm/bin/../lib/gcc/arm-none-eabi/11.1.0/../../../../arm-none-eabi/lib/thumb\libstdc++.a(eh_unex_handler.o)
                0x0000000003000230                __cxxabiv1::__unexpected_handler
 .data._ZN10__cxxabiv119__terminate_handlerE
                0x0000000003000234        0x4 d:/devkitpro/devkitarm/bin/../lib/gcc/arm-none-eabi/11.1.0/../../../../arm-none-eabi/lib/thumb\libstdc++.a(eh_term_handler.o)
                0x0000000003000234                __cxxabiv1::__terminate_handler
 .data.__malloc_av_
                0x0000000003000238      0x408 d:/devkitpro/devkitarm/bin/../lib/gcc/arm-none-eabi/11.1.0/../../../../arm-none-eabi/lib/thumb\libg.a(lib_a-mallocr.o)
                0x0000000003000238                __malloc_av_
 .data.__malloc_sbrk_base
                0x0000000003000640        0x4 d:/devkitpro/devkitarm/bin/../lib/gcc/arm-none-eabi/11.1.0/../../../../arm-none-eabi/lib/thumb\libg.a(lib_a-mallocr.o)
                0x0000000003000640                __malloc_sbrk_base
 .data.__malloc_trim_threshold
                0x0000000003000644        0x4 d:/devkitpro/devkitarm/bin/../lib/gcc/arm-none-eabi/11.1.0/../../../../arm-none-eabi/lib/thumb\libg.a(lib_a-mallocr.o)
                0x0000000003000644                __malloc_trim_threshold
 .data.__malloc_recursive_mutex
                0x0000000003000648        0xc d:/devkitpro/devkitarm/bin/../lib/gcc/arm-none-eabi/11.1.0/../../../../arm-none-eabi/lib/thumb\libg.a(lib_a-mlock.o)
 .data._impure_ptr
                0x0000000003000654        0x4 d:/devkitpro/devkitarm/bin/../lib/gcc/arm-none-eabi/11.1.0/../../../../arm-none-eabi/lib/thumb\libg.a(lib_a-impure.o)
                0x0000000003000654                _impure_ptr
 .data.impure_data
                0x0000000003000658      0x460 d:/devkitpro/devkitarm/bin/../lib/gcc/arm-none-eabi/11.1.0/../../../../arm-none-eabi/lib/thumb\libg.a(lib_a-impure.o)
 *(.gnu.linkonce.d*)
                0x0000000003000ab8                . = ALIGN (0x4)
                0x0000000008007b74                __preinit_lma = (__data_lma + SIZEOF (.data))

.igot.plt       0x0000000003000ab8        0x0 load address 0x0000000008007b74
 .igot.plt      0x0000000003000ab8        0x0 d:/devkitpro/devkitarm/bin/../lib/gcc/arm-none-eabi/11.1.0/../../../../arm-none-eabi/lib/thumb/gba_crt0.o

.preinit_array  0x0000000003000ab8        0x0 load address 0x0000000008007b74
                0x0000000003000ab8                __preinit_array_start = ABSOLUTE (.)
 *(.preinit_array)
                0x0000000003000ab8                __preinit_array_end = ABSOLUTE (.)
                0x0000000008007b74                __init_lma = (__preinit_lma + SIZEOF (.preinit_array))

.init_array     0x0000000003000ab8       0x10 load address 0x0000000008007b74
                0x0000000003000ab8                __init_array_start = ABSOLUTE (.)
 *(SORT_BY_NAME(.init_array.*))
 *(.init_array)
 .init_array    0x0000000003000ab8        0x4 d:/devkitpro/devkitarm/bin/../lib/gcc/arm-none-eabi/11.1.0/thumb/crtbegin.o
 .init_array    0x0000000003000abc        0x4 Level.o
 .init_array    0x0000000003000ac0        0x4 Main.o
 .init_array    0x0000000003000ac4        0x4 d:/devkitpro/devkitarm/bin/../lib/gcc/arm-none-eabi/11.1.0/../../../../arm-none-eabi/lib/thumb\libstdc++.a(eh_alloc.o)
                0x0000000003000ac8                __init_array_end = ABSOLUTE (.)
                0x0000000008007b84                __fini_lma = (__init_lma + SIZEOF (.init_array))

.fini_array     0x0000000003000ac8        0x4 load address 0x0000000008007b84
                0x0000000003000ac8                __fini_array_start = ABSOLUTE (.)
 *(SORT_BY_NAME(.fini_array.*))
 *(.fini_array)
 .fini_array    0x0000000003000ac8        0x4 d:/devkitpro/devkitarm/bin/../lib/gcc/arm-none-eabi/11.1.0/thumb/crtbegin.o
                0x0000000003000acc                __fini_array_end = ABSOLUTE (.)
                0x0000000008007b88                __jcr_lma = (__fini_lma + SIZEOF (.fini_array))

.jcr            0x0000000003000acc        0x0 load address 0x0000000008007b88
 *(.jcr)
                0x0000000003000acc                __data_end__ = ABSOLUTE (.)
                0x0000000008007b88                __iwram_overlay_lma = (__jcr_lma + SIZEOF (.jcr))
                0x0000000003000acc                __iwram_overlay_start = .

.iwram0         0x0000000003000acc        0x0 load address 0x0000000008007b88
 *(.iwram0)
                0x0000000003000acc                . = ALIGN (0x4)
                0x0000000008007b88                PROVIDE (__load_start_iwram0 = LOADADDR (.iwram0))
                0x0000000008007b88                PROVIDE (__load_stop_iwram0 = (LOADADDR (.iwram0) + SIZEOF (.iwram0)))

.iwram1         0x0000000003000acc        0x0
 *(.iwram1)
                0x0000000003000acc                . = ALIGN (0x4)
                [!provide]                        PROVIDE (__load_start_iwram1 = LOADADDR (.iwram1))
                [!provide]                        PROVIDE (__load_stop_iwram1 = (LOADADDR (.iwram1) + SIZEOF (.iwram1)))

.iwram2         0x0000000003000acc        0x0
 *(.iwram2)
                0x0000000003000acc                . = ALIGN (0x4)
                [!provide]                        PROVIDE (__load_start_iwram2 = LOADADDR (.iwram2))
                [!provide]                        PROVIDE (__load_stop_iwram2 = (LOADADDR (.iwram2) + SIZEOF (.iwram2)))

.iwram3         0x0000000003000acc        0x0
 *(.iwram3)
                0x0000000003000acc                . = ALIGN (0x4)
                [!provide]                        PROVIDE (__load_start_iwram3 = LOADADDR (.iwram3))
                [!provide]                        PROVIDE (__load_stop_iwram3 = (LOADADDR (.iwram3) + SIZEOF (.iwram3)))

.iwram4         0x0000000003000acc        0x0
 *(.iwram4)
                0x0000000003000acc                . = ALIGN (0x4)
                [!provide]                        PROVIDE (__load_start_iwram4 = LOADADDR (.iwram4))
                [!provide]                        PROVIDE (__load_stop_iwram4 = (LOADADDR (.iwram4) + SIZEOF (.iwram4)))

.iwram5         0x0000000003000acc        0x0
 *(.iwram5)
                0x0000000003000acc                . = ALIGN (0x4)
                [!provide]                        PROVIDE (__load_start_iwram5 = LOADADDR (.iwram5))
                [!provide]                        PROVIDE (__load_stop_iwram5 = (LOADADDR (.iwram5) + SIZEOF (.iwram5)))

.iwram6         0x0000000003000acc        0x0
 *(.iwram6)
                0x0000000003000acc                . = ALIGN (0x4)
                [!provide]                        PROVIDE (__load_start_iwram6 = LOADADDR (.iwram6))
                [!provide]                        PROVIDE (__load_stop_iwram6 = (LOADADDR (.iwram6) + SIZEOF (.iwram6)))

.iwram7         0x0000000003000acc        0x0
 *(.iwram7)
                0x0000000003000acc                . = ALIGN (0x4)
                [!provide]                        PROVIDE (__load_start_iwram7 = LOADADDR (.iwram7))
                [!provide]                        PROVIDE (__load_stop_iwram7 = (LOADADDR (.iwram7) + SIZEOF (.iwram7)))

.iwram8         0x0000000003000acc        0x0
 *(.iwram8)
                0x0000000003000acc                . = ALIGN (0x4)
                [!provide]                        PROVIDE (__load_start_iwram8 = LOADADDR (.iwram8))
                [!provide]                        PROVIDE (__load_stop_iwram8 = (LOADADDR (.iwram8) + SIZEOF (.iwram8)))

.iwram9         0x0000000003000acc        0x0
 *(.iwram9)
                0x0000000003000acc                . = ALIGN (0x4)
                [!provide]                        PROVIDE (__load_start_iwram9 = LOADADDR (.iwram9))
                [!provide]                        PROVIDE (__load_stop_iwram9 = (LOADADDR (.iwram9) + SIZEOF (.iwram9)))
                0x0000000003000acc                __iwram_overlay_end = .
                0x0000000008007b88                __ewram_lma = (__iwram_overlay_lma + (__iwram_overlay_end - __iwram_overlay_start))
                0x0000000003000acc                __iheap_start = .
                0x0000000002000000                __ewram_start = ORIGIN (ewram)

.ewram          0x0000000002000000        0x0 load address 0x0000000008007b88
 *(.ewram*)
                0x0000000002000000                . = ALIGN (0x4)
                0x0000000002000000                __ewram_end = ABSOLUTE (.)
                0x0000000008007b88                __pad_lma = (__ewram_lma + SIZEOF (.ewram))

.sbss           0x0000000002000000        0x0
                0x0000000002000000                __sbss_start__ = ABSOLUTE (.)
 *(.sbss*)
                0x0000000002000000                . = ALIGN (0x4)
                0x0000000002000000                __sbss_end__ = ABSOLUTE (.)
                0x0000000002000000                __end__ = ABSOLUTE (.)
                0x0000000002000000                __eheap_start = ABSOLUTE (.)

.pad            0x0000000002000000        0x8 load address 0x0000000008007b88
                0x0000000002000000        0x4 LONG 0x52416b64
                0x0000000002000004        0x4 LONG 0x4d
                0x0000000002000008                . = ALIGN (0x4)
                0x0000000008007b90                __rom_end__ = (__pad_lma + SIZEOF (.pad))

.stab
 *(.stab)

.stabstr
 *(.stabstr)

.stab.excl
 *(.stab.excl)

.stab.exclstr
 *(.stab.exclstr)

.stab.index
 *(.stab.index)

.stab.indexstr
 *(.stab.indexstr)

.comment        0x0000000000000000       0x45
 *(.comment)
 .comment       0x0000000000000000       0x23 d:/devkitpro/devkitarm/bin/../lib/gcc/arm-none-eabi/11.1.0/thumb/crtbegin.o
                                         0x24 (size before relaxing)
 .comment       0x0000000000000023       0x24 Brawler.o
 .comment       0x0000000000000023       0x24 Entity.o
 .comment       0x0000000000000023       0x24 Level.o
 .comment       0x0000000000000023       0x24 LevelHandler.o
 .comment       0x0000000000000023       0x24 Main.o
 .comment       0x0000000000000023       0x24 Math.o
 .comment       0x0000000000000023       0x24 Player.o
 .comment       0x0000000000000023       0x24 Tile.o
 .comment       0x0000000000000023       0x24 level0.o
 .comment       0x0000000000000023       0x22 D:/devkitPro/libgba/lib\libgba.a(interrupt.o)
                                         0x23 (size before relaxing)
 .comment       0x0000000000000045       0x23 D:/devkitPro/libgba/lib\libgba.a(input.o)
 .comment       0x0000000000000045       0x24 d:/devkitpro/devkitarm/bin/../lib/gcc/arm-none-eabi/11.1.0/../../../../arm-none-eabi/lib/thumb\libstdc++.a(del_ops.o)
 .comment       0x0000000000000045       0x24 d:/devkitpro/devkitarm/bin/../lib/gcc/arm-none-eabi/11.1.0/../../../../arm-none-eabi/lib/thumb\libstdc++.a(new_op.o)
 .comment       0x0000000000000045       0x24 d:/devkitpro/devkitarm/bin/../lib/gcc/arm-none-eabi/11.1.0/../../../../arm-none-eabi/lib/thumb\libstdc++.a(bad_alloc.o)
 .comment       0x0000000000000045       0x24 d:/devkitpro/devkitarm/bin/../lib/gcc/arm-none-eabi/11.1.0/../../../../arm-none-eabi/lib/thumb\libstdc++.a(del_op.o)
 .comment       0x0000000000000045       0x24 d:/devkitpro/devkitarm/bin/../lib/gcc/arm-none-eabi/11.1.0/../../../../arm-none-eabi/lib/thumb\libstdc++.a(eh_alloc.o)
 .comment       0x0000000000000045       0x24 d:/devkitpro/devkitarm/bin/../lib/gcc/arm-none-eabi/11.1.0/../../../../arm-none-eabi/lib/thumb\libstdc++.a(eh_exception.o)
 .comment       0x0000000000000045       0x24 d:/devkitpro/devkitarm/bin/../lib/gcc/arm-none-eabi/11.1.0/../../../../arm-none-eabi/lib/thumb\libstdc++.a(eh_terminate.o)
 .comment       0x0000000000000045       0x24 d:/devkitpro/devkitarm/bin/../lib/gcc/arm-none-eabi/11.1.0/../../../../arm-none-eabi/lib/thumb\libstdc++.a(eh_throw.o)
 .comment       0x0000000000000045       0x24 d:/devkitpro/devkitarm/bin/../lib/gcc/arm-none-eabi/11.1.0/../../../../arm-none-eabi/lib/thumb\libstdc++.a(eh_unex_handler.o)
 .comment       0x0000000000000045       0x24 d:/devkitpro/devkitarm/bin/../lib/gcc/arm-none-eabi/11.1.0/../../../../arm-none-eabi/lib/thumb\libstdc++.a(new_handler.o)
 .comment       0x0000000000000045       0x24 d:/devkitpro/devkitarm/bin/../lib/gcc/arm-none-eabi/11.1.0/../../../../arm-none-eabi/lib/thumb\libstdc++.a(si_class_type_info.o)
 .comment       0x0000000000000045       0x24 d:/devkitpro/devkitarm/bin/../lib/gcc/arm-none-eabi/11.1.0/../../../../arm-none-eabi/lib/thumb\libstdc++.a(tinfo.o)
 .comment       0x0000000000000045       0x24 d:/devkitpro/devkitarm/bin/../lib/gcc/arm-none-eabi/11.1.0/../../../../arm-none-eabi/lib/thumb\libstdc++.a(class_type_info.o)
 .comment       0x0000000000000045       0x24 d:/devkitpro/devkitarm/bin/../lib/gcc/arm-none-eabi/11.1.0/../../../../arm-none-eabi/lib/thumb\libstdc++.a(eh_catch.o)
 .comment       0x0000000000000045       0x24 d:/devkitpro/devkitarm/bin/../lib/gcc/arm-none-eabi/11.1.0/../../../../arm-none-eabi/lib/thumb\libstdc++.a(eh_globals.o)
 .comment       0x0000000000000045       0x24 d:/devkitpro/devkitarm/bin/../lib/gcc/arm-none-eabi/11.1.0/../../../../arm-none-eabi/lib/thumb\libstdc++.a(eh_personality.o)
 .comment       0x0000000000000045       0x24 d:/devkitpro/devkitarm/bin/../lib/gcc/arm-none-eabi/11.1.0/../../../../arm-none-eabi/lib/thumb\libstdc++.a(eh_term_handler.o)
 .comment       0x0000000000000045       0x24 d:/devkitpro/devkitarm/bin/../lib/gcc/arm-none-eabi/11.1.0/../../../../arm-none-eabi/lib/thumb\libstdc++.a(eh_arm.o)
 .comment       0x0000000000000045       0x24 d:/devkitpro/devkitarm/bin/../lib/gcc/arm-none-eabi/11.1.0/../../../../arm-none-eabi/lib/thumb\libstdc++.a(eh_call.o)
 .comment       0x0000000000000045       0x24 d:/devkitpro/devkitarm/bin/../lib/gcc/arm-none-eabi/11.1.0/thumb\libgcc.a(unwind-arm.o)
 .comment       0x0000000000000045       0x24 d:/devkitpro/devkitarm/bin/../lib/gcc/arm-none-eabi/11.1.0/thumb\libgcc.a(pr-support.o)
 .comment       0x0000000000000045       0x24 d:/devkitpro/devkitarm/bin/../lib/gcc/arm-none-eabi/11.1.0/../../../../arm-none-eabi/lib/thumb\libg.a(lib_a-abort.o)
 .comment       0x0000000000000045       0x24 d:/devkitpro/devkitarm/bin/../lib/gcc/arm-none-eabi/11.1.0/../../../../arm-none-eabi/lib/thumb\libg.a(lib_a-init.o)
 .comment       0x0000000000000045       0x24 d:/devkitpro/devkitarm/bin/../lib/gcc/arm-none-eabi/11.1.0/../../../../arm-none-eabi/lib/thumb\libg.a(lib_a-malloc.o)
 .comment       0x0000000000000045       0x24 d:/devkitpro/devkitarm/bin/../lib/gcc/arm-none-eabi/11.1.0/../../../../arm-none-eabi/lib/thumb\libg.a(lib_a-mallocr.o)
 .comment       0x0000000000000045       0x24 d:/devkitpro/devkitarm/bin/../lib/gcc/arm-none-eabi/11.1.0/../../../../arm-none-eabi/lib/thumb\libg.a(lib_a-memcpy-stub.o)
 .comment       0x0000000000000045       0x24 d:/devkitpro/devkitarm/bin/../lib/gcc/arm-none-eabi/11.1.0/../../../../arm-none-eabi/lib/thumb\libg.a(lib_a-memset.o)
 .comment       0x0000000000000045       0x24 d:/devkitpro/devkitarm/bin/../lib/gcc/arm-none-eabi/11.1.0/../../../../arm-none-eabi/lib/thumb\libg.a(lib_a-mlock.o)
 .comment       0x0000000000000045       0x24 d:/devkitpro/devkitarm/bin/../lib/gcc/arm-none-eabi/11.1.0/../../../../arm-none-eabi/lib/thumb\libg.a(lib_a-signal.o)
 .comment       0x0000000000000045       0x24 d:/devkitpro/devkitarm/bin/../lib/gcc/arm-none-eabi/11.1.0/../../../../arm-none-eabi/lib/thumb\libg.a(lib_a-freer.o)
 .comment       0x0000000000000045       0x24 d:/devkitpro/devkitarm/bin/../lib/gcc/arm-none-eabi/11.1.0/../../../../arm-none-eabi/lib/thumb\libsysbase.a(getpid.o)
 .comment       0x0000000000000045       0x24 d:/devkitpro/devkitarm/bin/../lib/gcc/arm-none-eabi/11.1.0/../../../../arm-none-eabi/lib/thumb\libsysbase.a(kill.o)
 .comment       0x0000000000000045       0x24 d:/devkitpro/devkitarm/bin/../lib/gcc/arm-none-eabi/11.1.0/../../../../arm-none-eabi/lib/thumb\libsysbase.a(sbrk.o)
 .comment       0x0000000000000045       0x24 d:/devkitpro/devkitarm/bin/../lib/gcc/arm-none-eabi/11.1.0/../../../../arm-none-eabi/lib/thumb\libsysbase.a(_exit.o)
 .comment       0x0000000000000045       0x24 d:/devkitpro/devkitarm/bin/../lib/gcc/arm-none-eabi/11.1.0/../../../../arm-none-eabi/lib/thumb\libsysbase.a(malloc_vars.o)
 .comment       0x0000000000000045       0x24 d:/devkitpro/devkitarm/bin/../lib/gcc/arm-none-eabi/11.1.0/../../../../arm-none-eabi/lib/thumb\libsysbase.a(syscall_support.o)
 .comment       0x0000000000000045       0x24 d:/devkitpro/devkitarm/bin/../lib/gcc/arm-none-eabi/11.1.0/../../../../arm-none-eabi/lib/thumb\libsysbase.a(getreent.o)
 .comment       0x0000000000000045       0x24 d:/devkitpro/devkitarm/bin/../lib/gcc/arm-none-eabi/11.1.0/../../../../arm-none-eabi/lib/thumb\libg.a(lib_a-impure.o)
 .comment       0x0000000000000045       0x24 d:/devkitpro/devkitarm/bin/../lib/gcc/arm-none-eabi/11.1.0/thumb/crtend.o

.debug
 *(.debug)

.line
 *(.line)

.debug_srcinfo
 *(.debug_srcinfo)

.debug_sfnames
 *(.debug_sfnames)

.debug_aranges  0x0000000000000000      0x1d8
 *(.debug_aranges)
 .debug_aranges
                0x0000000000000000       0x38 Brawler.o
 .debug_aranges
                0x0000000000000038       0x38 Entity.o
 .debug_aranges
                0x0000000000000070       0x28 Level.o
 .debug_aranges
                0x0000000000000098       0x28 LevelHandler.o
 .debug_aranges
                0x00000000000000c0       0x30 Main.o
 .debug_aranges
                0x00000000000000f0       0x20 Math.o
 .debug_aranges
                0x0000000000000110       0x30 Player.o
 .debug_aranges
                0x0000000000000140       0x20 Tile.o
 .debug_aranges
                0x0000000000000160       0x18 level0.o
 .debug_aranges
                0x0000000000000178       0x20 D:/devkitPro/libgba/lib\libgba.a(interrupt.o)
 .debug_aranges
                0x0000000000000198       0x20 D:/devkitPro/libgba/lib\libgba.a(input.o)
 .debug_aranges
                0x00000000000001b8       0x20 D:/devkitPro/libgba/lib\libgba.a(InterruptDispatcher.o)

.debug_pubnames
 *(.debug_pubnames)

.debug_info     0x0000000000000000     0x6750
 *(.debug_info)
 .debug_info    0x0000000000000000     0x14f3 Brawler.o
 .debug_info    0x00000000000014f3     0x11de Entity.o
 .debug_info    0x00000000000026d1     0x1424 Level.o
 .debug_info    0x0000000000003af5      0x565 LevelHandler.o
 .debug_info    0x000000000000405a     0x105d Main.o
 .debug_info    0x00000000000050b7      0x123 Math.o
 .debug_info    0x00000000000051da      0x9ce Player.o
 .debug_info    0x0000000000005ba8      0x30e Tile.o
 .debug_info    0x0000000000005eb6      0x1f2 level0.o